Component: Arm Compiler for Embedded 6.19 Tool: armlink [5e73cb00]

==============================================================================

Section Cross References

    main.o(.text.TIM1_UP_IRQHandler) refers to main.o(.bss.ms_count) for ms_count
    main.o(.text.TIM1_UP_IRQHandler) refers to main.o(.bss.counterVal) for counterVal
    main.o(.text.TIM1_UP_IRQHandler) refers to main.o(.bss.old_position) for old_position
    main.o(.text.TIM1_UP_IRQHandler) refers to main.o(.bss.position) for position
    main.o(.text.TIM1_UP_IRQHandler) refers to main.o(.bss.encoderPPS) for encoderPPS
    main.o(.text.TIM1_UP_IRQHandler) refers to main.o(.bss.currentFanRPM) for currentFanRPM
    main.o(.ARM.exidx.text.TIM1_UP_IRQHandler) refers to main.o(.text.TIM1_UP_IRQHandler) for [Anonymous Symbol]
    main.o(.text.TIM1_Config) refers to timer.o(.text.TIM_EnableTimerClock) for TIM_EnableTimerClock
    main.o(.ARM.exidx.text.TIM1_Config) refers to main.o(.text.TIM1_Config) for [Anonymous Symbol]
    main.o(.text.led_blink) refers to gpio.o(.text.GPIO_Toggle) for GPIO_Toggle
    main.o(.text.led_blink) refers to delay.o(.text.delay_ms) for delay_ms
    main.o(.ARM.exidx.text.led_blink) refers to main.o(.text.led_blink) for [Anonymous Symbol]
    main.o(.text.Set_DutyCycle) refers to timer.o(.text.TIM_SetCCRxReg) for TIM_SetCCRxReg
    main.o(.ARM.exidx.text.Set_DutyCycle) refers to main.o(.text.Set_DutyCycle) for [Anonymous Symbol]
    main.o(.text.AHT20_Init) refers to delay.o(.text.delay_ms) for delay_ms
    main.o(.text.AHT20_Init) refers to i2c_drive.o(.text.I2C_read1) for I2C_read1
    main.o(.text.AHT20_Init) refers to i2c_drive.o(.text.I2C_write) for I2C_write
    main.o(.ARM.exidx.text.AHT20_Init) refers to main.o(.text.AHT20_Init) for [Anonymous Symbol]
    main.o(.text.AHT20_GetData) refers to i2c_drive.o(.text.I2C_write) for I2C_write
    main.o(.text.AHT20_GetData) refers to delay.o(.text.delay_ms) for delay_ms
    main.o(.text.AHT20_GetData) refers to i2c_drive.o(.text.I2C_read1) for I2C_read1
    main.o(.text.AHT20_GetData) refers to i2c_drive.o(.text.I2C_read) for I2C_read
    main.o(.ARM.exidx.text.AHT20_GetData) refers to main.o(.text.AHT20_GetData) for [Anonymous Symbol]
    main.o(.text.AHT20_GetValue) refers to i2c_drive.o(.text.I2C_write) for I2C_write
    main.o(.text.AHT20_GetValue) refers to delay.o(.text.delay_ms) for delay_ms
    main.o(.text.AHT20_GetValue) refers to i2c_drive.o(.text.I2C_read1) for I2C_read1
    main.o(.text.AHT20_GetValue) refers to main.o(.bss.data) for data
    main.o(.text.AHT20_GetValue) refers to i2c_drive.o(.text.I2C_read) for I2C_read
    main.o(.text.AHT20_GetValue) refers to dflt_clz.o(x$fpl$dfltu) for __aeabi_ui2d
    main.o(.text.AHT20_GetValue) refers to dmul.o(x$fpl$dmul) for __aeabi_dmul
    main.o(.text.AHT20_GetValue) refers to daddsub_clz.o(x$fpl$dadd) for __aeabi_dadd
    main.o(.text.AHT20_GetValue) refers to d2f.o(x$fpl$d2f) for __aeabi_d2f
    main.o(.text.AHT20_GetValue) refers to main.o(.bss.actualTemperature) for actualTemperature
    main.o(.text.AHT20_GetValue) refers to main.o(.bss.actualHumidity) for actualHumidity
    main.o(.text.AHT20_GetValue) refers to ffix.o(x$fpl$ffix) for __aeabi_f2iz
    main.o(.ARM.exidx.text.AHT20_GetValue) refers to main.o(.text.AHT20_GetValue) for [Anonymous Symbol]
    main.o(.ARM.exidx.text.GetCounterValue) refers to main.o(.text.GetCounterValue) for [Anonymous Symbol]
    main.o(.text.main) refers to system_stm32f10x.o(.text.SystemInit) for SystemInit
    main.o(.text.main) refers to timer.o(.text.TIM_EnableTimerClock) for TIM_EnableTimerClock
    main.o(.text.main) refers to spi.o(.text.SPI_Init) for SPI_Init
    main.o(.text.main) refers to max7219.o(.text.MAX7219_Init) for MAX7219_Init
    main.o(.text.main) refers to gpio.o(.text.GPIO_Init) for GPIO_Init
    main.o(.text.main) refers to timer.o(.text.TIM_PWM_Init) for TIM_PWM_Init
    main.o(.text.main) refers to timer.o(.text.TIM_PWM_Start) for TIM_PWM_Start
    main.o(.text.main) refers to timer.o(.text.TIM_Encoder_Init) for TIM_Encoder_Init
    main.o(.text.main) refers to timer.o(.text.TIM_EncoderStart) for TIM_EncoderStart
    main.o(.text.main) refers to i2c_drive.o(.text.I2C_init) for I2C_init
    main.o(.text.main) refers to delay.o(.text.delay_ms) for delay_ms
    main.o(.text.main) refers to i2c_drive.o(.text.I2C_read1) for I2C_read1
    main.o(.text.main) refers to i2c_drive.o(.text.I2C_write) for I2C_write
    main.o(.text.main) refers to main.o(.bss.counterVal) for counterVal
    main.o(.text.main) refers to main.o(.data.rx_data) for rx_data
    main.o(.text.main) refers to main.o(.bss.AHT20_Data) for AHT20_Data
    main.o(.text.main) refers to timer.o(.text.TIM_SetCCRxReg) for TIM_SetCCRxReg
    main.o(.text.main) refers to main.o(.text.AHT20_GetValue) for AHT20_GetValue
    main.o(.ARM.exidx.text.main) refers to main.o(.text.main) for [Anonymous Symbol]
[...]
    gpio.o(.ARM.exidx.text.GPIO_EnableClock) refers to gpio.o(.text.GPIO_EnableClock) for [Anonymous Symbol]
    gpio.o(.ARM.exidx.text.GPIO_Init) refers to gpio.o(.text.GPIO_Init) for [Anonymous Symbol]
    gpio.o(.ARM.exidx.text.GPIO_Set) refers to gpio.o(.text.GPIO_Set) for [Anonymous Symbol]
    gpio.o(.ARM.exidx.text.GPIO_Reset) refers to gpio.o(.text.GPIO_Reset) for [Anonymous Symbol]
    gpio.o(.ARM.exidx.text.GPIO_Toggle) refers to gpio.o(.text.GPIO_Toggle) for [Anonymous Symbol]
    gpio.o(.ARM.exidx.text.GPIO_PullUpDown) refers to gpio.o(.text.GPIO_PullUpDown) for [Anonymous Symbol]
    gpio.o(.ARM.exidx.text.GPIO_ReadPin) refers to gpio.o(.text.GPIO_ReadPin) for [Anonymous Symbol]
    spi.o(.ARM.exidx.text.SPI_EnableClock) refers to spi.o(.text.SPI_EnableClock) for [Anonymous Symbol]
    spi.o(.ARM.exidx.text.SPI_SetClockPhase) refers to spi.o(.text.SPI_SetClockPhase) for [Anonymous Symbol]
    spi.o(.ARM.exidx.text.SPI_SetClockPolarity) refers to spi.o(.text.SPI_SetClockPolarity) for [Anonymous Symbol]
    spi.o(.ARM.exidx.text.SPI_SetMasterSlave) refers to spi.o(.text.SPI_SetMasterSlave) for [Anonymous Symbol]
    spi.o(.ARM.exidx.text.SPI_SetSourceClock) refers to spi.o(.text.SPI_SetSourceClock) for [Anonymous Symbol]
    spi.o(.ARM.exidx.text.SPI_Enable) refers to spi.o(.text.SPI_Enable) for [Anonymous Symbol]
    spi.o(.ARM.exidx.text.SPI_SoftwareSlaveSelect_Enable) refers to spi.o(.text.SPI_SoftwareSlaveSelect_Enable) for [Anonymous Symbol]
    spi.o(.ARM.exidx.text.SPI_SetFrameFormat) refers to spi.o(.text.SPI_SetFrameFormat) for [Anonymous Symbol]
    spi.o(.text.SPI_Init) refers to spi.o(.text.SPI_IO_Init) for SPI_IO_Init
    spi.o(.ARM.exidx.text.SPI_Init) refers to spi.o(.text.SPI_Init) for [Anonymous Symbol]
    spi.o(.text.SPI_IO_Init) refers to gpio.o(.text.GPIO_Init) for GPIO_Init
    spi.o(.text.SPI_IO_Init) refers to gpio.o(.text.GPIO_PullUpDown) for GPIO_PullUpDown
    spi.o(.ARM.exidx.text.SPI_IO_Init) refers to spi.o(.text.SPI_IO_Init) for [Anonymous Symbol]
    spi.o(.ARM.exidx.text.SPI_SetTransmitOnlyMode) refers to spi.o(.text.SPI_SetTransmitOnlyMode) for [Anonymous Symbol]
    spi.o(.ARM.exidx.text.SPI_Transmit) refers to spi.o(.text.SPI_Transmit) for [Anonymous Symbol]
    timer.o(.ARM.exidx.text.TIM_EnableTimerClock) refers to timer.o(.text.TIM_EnableTimerClock) for [Anonymous Symbol]
    timer.o(.ARM.exidx.text.TIM_SetSlaveMode) refers to timer.o(.text.TIM_SetSlaveMode) for [Anonymous Symbol]
    timer.o(.ARM.exidx.text.TIM_SetPolarity) refers to timer.o(.text.TIM_SetPolarity) for [Anonymous Symbol]
    timer.o(.ARM.exidx.text.TIM_SetChannelDirection) refers to timer.o(.text.TIM_SetChannelDirection) for [Anonymous Symbol]
    timer.o(.ARM.exidx.text.TIM_SetInputCaptureFilter) refers to timer.o(.text.TIM_SetInputCaptureFilter) for [Anonymous Symbol]
    timer.o(.ARM.exidx.text.TIM_EnableCounter) refers to timer.o(.text.TIM_EnableCounter) for [Anonymous Symbol]
    timer.o(.ARM.exidx.text.TIM_EnableCaptureInput) refers to timer.o(.text.TIM_EnableCaptureInput) for [Anonymous Symbol]
    timer.o(.text.TIM_PWM_Init) refers to timer.o(.bss.Timer_global) for Timer_global
    timer.o(.ARM.exidx.text.TIM_PWM_Init) refers to timer.o(.text.TIM_PWM_Init) for [Anonymous Symbol]
    timer.o(.ARM.exidx.text.TIM_PWM_Mode) refers to timer.o(.text.TIM_PWM_Mode) for [Anonymous Symbol]
    timer.o(.text.TIM_ChannelMode_1) refers to timer.o(.bss.Timer_global) for Timer_global
    timer.o(.ARM.exidx.text.TIM_ChannelMode_1) refers to timer.o(.text.TIM_ChannelMode_1) for [Anonymous Symbol]
    timer.o(.text.TIM_EnableCCOutput) refers to timer.o(.rodata.cst8) for .Lswitch.table.TIM_PWM_Start
    timer.o(.ARM.exidx.text.TIM_EnableCCOutput) refers to timer.o(.text.TIM_EnableCCOutput) for [Anonymous Symbol]
    timer.o(.text.TIM_ChannelConfig) refers to timer.o(.bss.Timer_global) for Timer_global
    timer.o(.ARM.exidx.text.TIM_ChannelConfig) refers to timer.o(.text.TIM_ChannelConfig) for [Anonymous Symbol]
    timer.o(.text.PWM_EnableUpdateGeneration) refers to timer.o(.bss.Timer_global) for Timer_global
    timer.o(.ARM.exidx.text.PWM_EnableUpdateGeneration) refers to timer.o(.text.PWM_EnableUpdateGeneration) for [Anonymous Symbol]
    timer.o(.text.TIM_PWM_Start) refers to timer.o(.bss.Timer_global) for Timer_global
    timer.o(.text.TIM_PWM_Start) refers to timer.o(.rodata.cst8) for .Lswitch.table.TIM_PWM_Start
    timer.o(.ARM.exidx.text.TIM_PWM_Start) refers to timer.o(.text.TIM_PWM_Start) for [Anonymous Symbol]
    timer.o(.ARM.exidx.text.TIM_SetPrescaler) refers to timer.o(.text.TIM_SetPrescaler) for [Anonymous Symbol]
    timer.o(.ARM.exidx.text.TIM_SetARRReg) refers to timer.o(.text.TIM_SetARRReg) for [Anonymous Symbol]
    timer.o(.ARM.exidx.text.TIM_SetCCRxReg) refers to timer.o(.text.TIM_SetCCRxReg) for [Anonymous Symbol]
    timer.o(.ARM.exidx.text.TIM_Encoder_Init) refers to timer.o(.text.TIM_Encoder_Init) for [Anonymous Symbol]
    timer.o(.ARM.exidx.text.TIM_EncoderStart) refers to timer.o(.text.TIM_EncoderStart) for [Anonymous Symbol]
    max7219.o(.text.MAX7219_SendData) refers to gpio.o(.text.GPIO_Reset) for GPIO_Reset
    max7219.o(.text.MAX7219_SendData) refers to spi.o(.text.SPI_Transmit) for SPI_Transmit
    max7219.o(.text.MAX7219_SendData) refers to gpio.o(.text.GPIO_Set) for GPIO_Set
    max7219.o(.ARM.exidx.text.MAX7219_SendData) refers to max7219.o(.text.MAX7219_SendData) for [Anonymous Symbol]
    max7219.o(.text.MAX7219_PowerOn) refers to gpio.o(.text.GPIO_Reset) for GPIO_Reset
    max7219.o(.text.MAX7219_PowerOn) refers to spi.o(.text.SPI_Transmit) for SPI_Transmit
    max7219.o(.text.MAX7219_PowerOn) refers to gpio.o(.text.GPIO_Set) for GPIO_Set
    max7219.o(.ARM.exidx.text.MAX7219_PowerOn) refers to max7219.o(.text.MAX7219_PowerOn) for [Anonymous Symbol]
    max7219.o(.text.MAX7219_SetIntensity) refers to gpio.o(.text.GPIO_Reset) for GPIO_Reset
    max7219.o(.text.MAX7219_SetIntensity) refers to spi.o(.text.SPI_Transmit) for SPI_Transmit
    max7219.o(.text.MAX7219_SetIntensity) refers to gpio.o(.text.GPIO_Set) for GPIO_Set
    max7219.o(.ARM.exidx.text.MAX7219_SetIntensity) refers to max7219.o(.text.MAX7219_SetIntensity) for [Anonymous Symbol]
    max7219.o(.text.MAX7219_SetScanLimit) refers to gpio.o(.text.GPIO_Reset) for GPIO_Reset
    max7219.o(.text.MAX7219_SetScanLimit) refers to spi.o(.text.SPI_Transmit) for SPI_Transmit
    max7219.o(.text.MAX7219_SetScanLimit) refers to gpio.o(.text.GPIO_Set) for GPIO_Set
    max7219.o(.ARM.exidx.text.MAX7219_SetScanLimit) refers to max7219.o(.text.MAX7219_SetScanLimit) for [Anonymous Symbol]
    max7219.o(.text.MAX7219_Clean) refers to gpio.o(.text.GPIO_Reset) for GPIO_Reset
    max7219.o(.text.MAX7219_Clean) refers to spi.o(.text.SPI_Transmit) for SPI_Transmit
    max7219.o(.text.MAX7219_Clean) refers to gpio.o(.text.GPIO_Set) for GPIO_Set
    max7219.o(.ARM.exidx.text.MAX7219_Clean) refers to max7219.o(.text.MAX7219_Clean) for [Anonymous Symbol]
    max7219.o(.text.MAX7219_SetDecodeMode) refers to gpio.o(.text.GPIO_Reset) for GPIO_Reset
    max7219.o(.text.MAX7219_SetDecodeMode) refers to spi.o(.text.SPI_Transmit) for SPI_Transmit
    max7219.o(.text.MAX7219_SetDecodeMode) refers to gpio.o(.text.GPIO_Set) for GPIO_Set
    max7219.o(.ARM.exidx.text.MAX7219_SetDecodeMode) refers to max7219.o(.text.MAX7219_SetDecodeMode) for [Anonymous Symbol]
    max7219.o(.text.MAX7219_Init) refers to gpio.o(.text.GPIO_Reset) for GPIO_Reset
    max7219.o(.text.MAX7219_Init) refers to spi.o(.text.SPI_Transmit) for SPI_Transmit
    max7219.o(.text.MAX7219_Init) refers to gpio.o(.text.GPIO_Set) for GPIO_Set
    max7219.o(.ARM.exidx.text.MAX7219_Init) refers to max7219.o(.text.MAX7219_Init) for [Anonymous Symbol]
    max7219.o(.text.MAX7219_EmptyAllDigits) refers to gpio.o(.text.GPIO_Reset) for GPIO_Reset
    max7219.o(.text.MAX7219_EmptyAllDigits) refers to spi.o(.text.SPI_Transmit) for SPI_Transmit
    max7219.o(.text.MAX7219_EmptyAllDigits) refers to gpio.o(.text.GPIO_Set) for GPIO_Set
    max7219.o(.ARM.exidx.text.MAX7219_EmptyAllDigits) refers to max7219.o(.text.MAX7219_EmptyAllDigits) for [Anonymous Symbol]
    max7219.o(.text.MAX7219_PrintString) refers to max7219.o(.text.MAX7219_EmptyAllDigits) for MAX7219_EmptyAllDigits
    max7219.o(.text.MAX7219_PrintString) refers to max7219.o(.data.DigitCodes) for DigitCodes
    max7219.o(.text.MAX7219_PrintString) refers to gpio.o(.text.GPIO_Reset) for GPIO_Reset
    max7219.o(.text.MAX7219_PrintString) refers to spi.o(.text.SPI_Transmit) for SPI_Transmit
    max7219.o(.text.MAX7219_PrintString) refers to gpio.o(.text.GPIO_Set) for GPIO_Set
    max7219.o(.ARM.exidx.text.MAX7219_PrintString) refers to max7219.o(.text.MAX7219_PrintString) for [Anonymous Symbol]
    max7219.o(.text.MAX7219_PrintInt) refers to max7219.o(.text.MAX7219_EmptyAllDigits) for MAX7219_EmptyAllDigits
    max7219.o(.text.MAX7219_PrintInt) refers to max7219.o(.data.DigitCodes) for DigitCodes
    max7219.o(.text.MAX7219_PrintInt) refers to gpio.o(.text.GPIO_Reset) for GPIO_Reset
    max7219.o(.text.MAX7219_PrintInt) refers to spi.o(.text.SPI_Transmit) for SPI_Transmit
    max7219.o(.text.MAX7219_PrintInt) refers to gpio.o(.text.GPIO_Set) for GPIO_Set
    max7219.o(.ARM.exidx.text.MAX7219_PrintInt) refers to max7219.o(.text.MAX7219_PrintInt) for [Anonymous Symbol]
    gp_drive.o(.ARM.exidx.text.init_GP) refers to gp_drive.o(.text.init_GP) for [Anonymous Symbol]
    gp_drive.o(.ARM.exidx.text.R_GP) refers to gp_drive.o(.text.R_GP) for [Anonymous Symbol]
    gp_drive.o(.ARM.exidx.text.W_GP) refers to gp_drive.o(.text.W_GP) for [Anonymous Symbol]
    gp_drive.o(.ARM.exidx.text.toggle_GP) refers to gp_drive.o(.text.toggle_GP) for [Anonymous Symbol]
    i2c_drive.o(.text.I2C_init) refers to gp_drive.o(.text.init_GP) for init_GP
    i2c_drive.o(.ARM.exidx.text.I2C_init) refers to i2c_drive.o(.text.I2C_init) for [Anonymous Symbol]
    i2c_drive.o(.ARM.exidx.text.I2C1_Enable_IO_Remap) refers to i2c_drive.o(.text.I2C1_Enable_IO_Remap) for [Anonymous Symbol]
    i2c_drive.o(.ARM.exidx.text.I2C_start) refers to i2c_drive.o(.text.I2C_start) for [Anonymous Symbol]
    i2c_drive.o(.ARM.exidx.text.I2C_data) refers to i2c_drive.o(.text.I2C_data) for [Anonymous Symbol]
    i2c_drive.o(.ARM.exidx.text.I2C_stop) refers to i2c_drive.o(.text.I2C_stop) for [Anonymous Symbol]
    i2c_drive.o(.ARM.exidx.text.I2C_write) refers to i2c_drive.o(.text.I2C_write) for [Anonymous Symbol]
    i2c_drive.o(.ARM.exidx.text.I2C_ReadData) refers to i2c_drive.o(.text.I2C_ReadData) for [Anonymous Symbol]
    i2c_drive.o(.ARM.exidx.text.I2C_read) refers to i2c_drive.o(.text.I2C_read) for [Anonymous Symbol]
    i2c_drive.o(.ARM.exidx.text.I2C_read1) refers to i2c_drive.o(.text.I2C_read1) for [Anonymous Symbol]
    systick_time.o(.ARM.exidx.text.systick_init) refers to systick_time.o(.text.systick_init) for [Anonymous Symbol]
    systick_time.o(.ARM.exidx.text.DelayMillis) refers to systick_time.o(.text.DelayMillis) for [Anonymous Symbol]
    systick_time.o(.ARM.exidx.text.DelayMs) refers to systick_time.o(.text.DelayMs) for [Anonymous Symbol]
    startup_stm32f10x_md.o(STACK) refers (Special) to heapauxi.o(.text) for __use_two_region_memory
    startup_stm32f10x_md.o(HEAP) refers (Special) to heapauxi.o(.text) for __use_two_region_memory
    startup_stm32f10x_md.o(RESET) refers (Special) to heapauxi.o(.text) for __use_two_region_memory
    startup_stm32f10x_md.o(RESET) refers to startup_stm32f10x_md.o(STACK) for __initial_sp
    startup_stm32f10x_md.o(RESET) refers to startup_stm32f10x_md.o(.text) for Reset_Handler
    startup_stm32f10x_md.o(RESET) refers to main.o(.text.TIM1_UP_IRQHandler) for TIM1_UP_IRQHandler
    startup_stm32f10x_md.o(.text) refers (Special) to heapauxi.o(.text) for __use_two_region_memory
    startup_stm32f10x_md.o(.text) refers to system_stm32f10x.o(.text.SystemInit) for SystemInit
    startup_stm32f10x_md.o(.text) refers to __main.o(!!!main) for __main
    startup_stm32f10x_md.o(.text) refers to startup_stm32f10x_md.o(HEAP) for Heap_Mem
    startup_stm32f10x_md.o(.text) refers to startup_stm32f10x_md.o(STACK) for Stack_Mem
    system_stm32f10x.o(.ARM.exidx.text.SystemInit) refers to system_stm32f10x.o(.text.SystemInit) for [Anonymous Symbol]
    system_stm32f10x.o(.text.SystemCoreClockUpdate) refers to system_stm32f10x.o(.data.SystemCoreClock) for SystemCoreClock
    system_stm32f10x.o(.text.SystemCoreClockUpdate) refers to system_stm32f10x.o(.rodata.AHBPrescTable) for AHBPrescTable
    system_stm32f10x.o(.ARM.exidx.text.SystemCoreClockUpdate) refers to system_stm32f10x.o(.text.SystemCoreClockUpdate) for [Anonymous Symbol]
    __main.o(!!!main) refers to __rtentry.o(.ARM.Collect$$rtentry$$00000000) for __rt_entry
    d2f.o(x$fpl$d2f) refers (Special) to usenofp.o(x$fpl$usenofp) for __I$use$fp
    d2f.o(x$fpl$d2f) refers to fretinf.o(x$fpl$fretinf) for __fpl_fretinf
    d2f.o(x$fpl$d2f) refers to dnaninf.o(x$fpl$dnaninf) for __fpl_dnaninf
    daddsub_clz.o(x$fpl$dadd) refers (Special) to usenofp.o(x$fpl$usenofp) for __I$use$fp
    daddsub_clz.o(x$fpl$dadd) refers to daddsub_clz.o(x$fpl$dsub) for _dsub1
    daddsub_clz.o(x$fpl$dadd) refers to dretinf.o(x$fpl$dretinf) for __fpl_dretinf
    daddsub_clz.o(x$fpl$dadd) refers to dnaninf.o(x$fpl$dnaninf) for __fpl_dnaninf
    daddsub_clz.o(x$fpl$drsb) refers (Special) to usenofp.o(x$fpl$usenofp) for __I$use$fp
    daddsub_clz.o(x$fpl$drsb) refers to daddsub_clz.o(x$fpl$dadd) for _dadd1
    daddsub_clz.o(x$fpl$drsb) refers to daddsub_clz.o(x$fpl$dsub) for _dsub1
    daddsub_clz.o(x$fpl$dsub) refers (Special) to usenofp.o(x$fpl$usenofp) for __I$use$fp
    daddsub_clz.o(x$fpl$dsub) refers to daddsub_clz.o(x$fpl$dadd) for _dadd1
    daddsub_clz.o(x$fpl$dsub) refers to dnaninf.o(x$fpl$dnaninf) for __fpl_dnaninf
    dflt_clz.o(x$fpl$dfltu) refers (Special) to usenofp.o(x$fpl$usenofp) for __I$use$fp
    dflt_clz.o(x$fpl$dflt) refers (Special) to usenofp.o(x$fpl$usenofp) for __I$use$fp
    dflt_clz.o(x$fpl$dfltn) refers (Special) to usenofp.o(x$fpl$usenofp) for __I$use$fp
    dmul.o(x$fpl$dmul) refers (Special) to usenofp.o(x$fpl$usenofp) for __I$use$fp
    dmul.o(x$fpl$dmul) refers to dretinf.o(x$fpl$dretinf) for __fpl_dretinf
    dmul.o(x$fpl$dmul) refers to dnaninf.o(x$fpl$dnaninf) for __fpl_dnaninf
    ffix.o(x$fpl$ffix) refers (Special) to usenofp.o(x$fpl$usenofp) for __I$use$fp
    ffix.o(x$fpl$ffix) refers to fnaninf.o(x$fpl$fnaninf) for __fpl_fnaninf
    ffix.o(x$fpl$ffixr) refers (Special) to usenofp.o(x$fpl$usenofp) for __I$use$fp
    ffix.o(x$fpl$ffixr) refers to fnaninf.o(x$fpl$fnaninf) for __fpl_fnaninf
    __rtentry.o(.ARM.Collect$$rtentry$$00000000) refers (Special) to __rtentry2.o(.ARM.Collect$$rtentry$$0000000A) for __rt_entry_li
    __rtentry.o(.ARM.Collect$$rtentry$$00000000) refers (Special) to __rtentry2.o(.ARM.Collect$$rtentry$$0000000D) for __rt_entry_main
    __rtentry.o(.ARM.Collect$$rtentry$$00000000) refers (Special) to __rtentry2.o(.ARM.Collect$$rtentry$$0000000C) for __rt_entry_postli_1
    __rtentry.o(.ARM.Collect$$rtentry$$00000000) refers (Special) to __rtentry2.o(.ARM.Collect$$rtentry$$00000009) for __rt_entry_postsh_1
    __rtentry.o(.ARM.Collect$$rtentry$$00000000) refers (Special) to __rtentry2.o(.ARM.Collect$$rtentry$$00000002) for __rt_entry_presh_1
    __rtentry.o(.ARM.Collect$$rtentry$$00000000) refers (Special) to __rtentry4.o(.ARM.Collect$$rtentry$$00000004) for __rt_entry_sh
    dnaninf.o(x$fpl$dnaninf) refers (Special) to usenofp.o(x$fpl$usenofp) for __I$use$fp
    dretinf.o(x$fpl$dretinf) refers (Special) to usenofp.o(x$fpl$usenofp) for __I$use$fp
    fnaninf.o(x$fpl$fnaninf) refers (Special) to usenofp.o(x$fpl$usenofp) for __I$use$fp
    fretinf.o(x$fpl$fretinf) refers (Special) to usenofp.o(x$fpl$usenofp) for __I$use$fp
    __rtentry2.o(.ARM.Collect$$rtentry$$00000008) refers to boardinit2.o(.text) for _platform_post_stackheap_init
    __rtentry2.o(.ARM.Collect$$rtentry$$0000000A) refers to libinit.o(.ARM.Collect$$libinit$$00000000) for __rt_lib_init
    __rtentry2.o(.ARM.Collect$$rtentry$$0000000B) refers to boardinit3.o(.text) for _platform_post_lib_init
    __rtentry2.o(.ARM.Collect$$rtentry$$0000000D) refers to main.o(.text.main) for main
    __rtentry2.o(.ARM.Collect$$rtentry$$0000000D) refers to exit.o(.text) for exit
    __rtentry2.o(.ARM.exidx) refers to __rtentry2.o(.ARM.Collect$$rtentry$$00000001) for .ARM.Collect$$rtentry$$00000001
    __rtentry2.o(.ARM.exidx) refers to __rtentry2.o(.ARM.Collect$$rtentry$$00000008) for .ARM.Collect$$rtentry$$00000008
    __rtentry2.o(.ARM.exidx) refers to __rtentry2.o(.ARM.Collect$$rtentry$$0000000A) for .ARM.Collect$$rtentry$$0000000A
    __rtentry2.o(.ARM.exidx) refers to __rtentry2.o(.ARM.Collect$$rtentry$$0000000B) for .ARM.Collect$$rtentry$$0000000B
    __rtentry2.o(.ARM.exidx) refers to __rtentry2.o(.ARM.Collect$$rtentry$$0000000D) for .ARM.Collect$$rtentry$$0000000D
    __rtentry4.o(.ARM.Collect$$rtentry$$00000004) refers to sys_stackheap_outer.o(.text) for __user_setup_stackheap
    __rtentry4.o(.ARM.exidx) refers to __rtentry4.o(.ARM.Collect$$rtentry$$00000004) for .ARM.Collect$$rtentry$$00000004
    sys_stackheap_outer.o(.text) refers to libspace.o(.text) for __user_perproc_libspace
    sys_stackheap_outer.o(.text) refers to startup_stm32f10x_md.o(.text) for __user_initial_stackheap
    exit.o(.text) refers to rtexit.o(.ARM.Collect$$rtexit$$00000000) for __rt_exit
    libinit.o(.ARM.Collect$$libinit$$00000000) refers (Special) to libinit2.o(.ARM.Collect$$libinit$$00000030) for __rt_lib_init_alloca_1
    libinit.o(.ARM.Collect$$libinit$$00000000) refers (Special) to libinit2.o(.ARM.Collect$$libinit$$0000002E) for __rt_lib_init_argv_1
    libinit.o(.ARM.Collect$$libinit$$00000000) refers (Special) to libinit2.o(.ARM.Collect$$libinit$$0000001D) for __rt_lib_init_atexit_1
    libinit.o(.ARM.Collect$$libinit$$00000000) refers (Special) to libinit2.o(.ARM.Collect$$libinit$$00000023) for __rt_lib_init_clock_1
    libinit.o(.ARM.Collect$$libinit$$00000000) refers (Special) to libinit2.o(.ARM.Collect$$libinit$$00000034) for __rt_lib_init_cpp_1
    libinit.o(.ARM.Collect$$libinit$$00000000) refers (Special) to libinit2.o(.ARM.Collect$$libinit$$00000032) for __rt_lib_init_exceptions_1
    libinit.o(.ARM.Collect$$libinit$$00000000) refers (Special) to libinit2.o(.ARM.Collect$$libinit$$00000002) for __rt_lib_init_fp_1
    libinit.o(.ARM.Collect$$libinit$$00000000) refers (Special) to libinit2.o(.ARM.Collect$$libinit$$00000021) for __rt_lib_init_fp_trap_1
    libinit.o(.ARM.Collect$$libinit$$00000000) refers (Special) to libinit2.o(.ARM.Collect$$libinit$$00000025) for __rt_lib_init_getenv_1
    libinit.o(.ARM.Collect$$libinit$$00000000) refers (Special) to libinit2.o(.ARM.Collect$$libinit$$0000000C) for __rt_lib_init_heap_1
    libinit.o(.ARM.Collect$$libinit$$00000000) refers (Special) to libinit2.o(.ARM.Collect$$libinit$$00000013) for __rt_lib_init_lc_collate_1
    libinit.o(.ARM.Collect$$libinit$$00000000) refers (Special) to libinit2.o(.ARM.Collect$$libinit$$00000015) for __rt_lib_init_lc_ctype_1
    libinit.o(.ARM.Collect$$libinit$$00000000) refers (Special) to libinit2.o(.ARM.Collect$$libinit$$00000017) for __rt_lib_init_lc_monetary_1
    libinit.o(.ARM.Collect$$libinit$$00000000) refers (Special) to libinit2.o(.ARM.Collect$$libinit$$00000019) for __rt_lib_init_lc_numeric_1
    libinit.o(.ARM.Collect$$libinit$$00000000) refers (Special) to libinit2.o(.ARM.Collect$$libinit$$0000001B) for __rt_lib_init_lc_time_1
    libinit.o(.ARM.Collect$$libinit$$00000000) refers (Special) to libinit2.o(.ARM.Collect$$libinit$$00000006) for __rt_lib_init_preinit_1
    libinit.o(.ARM.Collect$$libinit$$00000000) refers (Special) to libinit2.o(.ARM.Collect$$libinit$$00000010) for __rt_lib_init_rand_1
    libinit.o(.ARM.Collect$$libinit$$00000000) refers (Special) to libinit2.o(.ARM.Collect$$libinit$$00000004) for __rt_lib_init_relocate_pie_1
    libinit.o(.ARM.Collect$$libinit$$00000000) refers (Special) to libinit2.o(.ARM.Collect$$libinit$$00000035) for __rt_lib_init_return
    libinit.o(.ARM.Collect$$libinit$$00000000) refers (Special) to libinit2.o(.ARM.Collect$$libinit$$0000001F) for __rt_lib_init_signal_1
    libinit.o(.ARM.Collect$$libinit$$00000000) refers (Special) to libinit2.o(.ARM.Collect$$libinit$$00000027) for __rt_lib_init_stdio_1
    libinit.o(.ARM.Collect$$libinit$$00000000) refers (Special) to libinit2.o(.ARM.Collect$$libinit$$0000000E) for __rt_lib_init_user_alloc_1
    libspace.o(.text) refers to libspace.o(.bss) for __libspace_start
    rtexit.o(.ARM.Collect$$rtexit$$00000000) refers (Special) to rtexit2.o(.ARM.Collect$$rtexit$$00000004) for __rt_exit_exit
    rtexit.o(.ARM.Collect$$rtexit$$00000000) refers (Special) to rtexit2.o(.ARM.Collect$$rtexit$$00000003) for __rt_exit_ls
    rtexit.o(.ARM.Collect$$rtexit$$00000000) refers (Special) to rtexit2.o(.ARM.Collect$$rtexit$$00000002) for __rt_exit_prels_1
    rtexit.o(.ARM.exidx) refers (Special) to rtexit2.o(.ARM.Collect$$rtexit$$00000004) for __rt_exit_exit
    rtexit.o(.ARM.exidx) refers (Special) to rtexit2.o(.ARM.Collect$$rtexit$$00000003) for __rt_exit_ls
    rtexit.o(.ARM.exidx) refers (Special) to rtexit2.o(.ARM.Collect$$rtexit$$00000002) for __rt_exit_prels_1
    rtexit.o(.ARM.exidx) refers to rtexit.o(.ARM.Collect$$rtexit$$00000000) for .ARM.Collect$$rtexit$$00000000
    libinit2.o(.ARM.Collect$$libinit$$00000012) refers to libinit2.o(.ARM.Collect$$libinit$$00000011) for .ARM.Collect$$libinit$$00000011
    libinit2.o(.ARM.Collect$$libinit$$00000014) refers to libinit2.o(.ARM.Collect$$libinit$$00000011) for .ARM.Collect$$libinit$$00000011
    libinit2.o(.ARM.Collect$$libinit$$00000016) refers to libinit2.o(.ARM.Collect$$libinit$$00000011) for .ARM.Collect$$libinit$$00000011
    libinit2.o(.ARM.Collect$$libinit$$00000018) refers to libinit2.o(.ARM.Collect$$libinit$$00000011) for .ARM.Collect$$libinit$$00000011
    libinit2.o(.ARM.Collect$$libinit$$0000001A) refers to libinit2.o(.ARM.Collect$$libinit$$00000011) for .ARM.Collect$$libinit$$00000011
    libinit2.o(.ARM.Collect$$libinit$$00000028) refers to argv_veneer.o(.emb_text) for __ARM_argv_veneer
    libinit2.o(.ARM.Collect$$libinit$$00000029) refers to argv_veneer.o(.emb_text) for __ARM_argv_veneer
    rtexit2.o(.ARM.Collect$$rtexit$$00000003) refers to libshutdown.o(.ARM.Collect$$libshutdown$$00000000) for __rt_lib_shutdown
    rtexit2.o(.ARM.Collect$$rtexit$$00000004) refers to sys_exit.o(.text) for _sys_exit
    rtexit2.o(.ARM.exidx) refers to rtexit2.o(.ARM.Collect$$rtexit$$00000001) for .ARM.Collect$$rtexit$$00000001
    rtexit2.o(.ARM.exidx) refers to rtexit2.o(.ARM.Collect$$rtexit$$00000003) for .ARM.Collect$$rtexit$$00000003
    rtexit2.o(.ARM.exidx) refers to rtexit2.o(.ARM.Collect$$rtexit$$00000004) for .ARM.Collect$$rtexit$$00000004
    argv_veneer.o(.emb_text) refers to no_argv.o(.text) for __ARM_get_argv
    sys_exit.o(.text) refers (Special) to use_no_semi.o(.text) for __I$use$semihosting
    sys_exit.o(.text) refers (Special) to indicate_semi.o(.text) for __semihosting_library_function
    sys_exit_hlt.o(.text) refers (Special) to use_no_semi.o(.text) for __I$use$semihosting
    sys_exit_hlt.o(.text) refers (Special) to indicate_semi.o(.text) for __semihosting_library_function
    _get_argv_nomalloc.o(.text) refers (Special) to hrguard.o(.text) for __heap_region$guard
    _get_argv_nomalloc.o(.text) refers to defsig_rtmem_outer.o(.text) for __rt_SIGRTMEM
    _get_argv_nomalloc.o(.text) refers to sys_command.o(.text) for _sys_command_string
    libshutdown.o(.ARM.Collect$$libshutdown$$00000000) refers (Special) to libshutdown2.o(.ARM.Collect$$libshutdown$$00000002) for __rt_lib_shutdown_cpp_1
    libshutdown.o(.ARM.Collect$$libshutdown$$00000000) refers (Special) to libshutdown2.o(.ARM.Collect$$libshutdown$$00000007) for __rt_lib_shutdown_fp_trap_1
    libshutdown.o(.ARM.Collect$$libshutdown$$00000000) refers (Special) to libshutdown2.o(.ARM.Collect$$libshutdown$$0000000F) for __rt_lib_shutdown_heap_1
    libshutdown.o(.ARM.Collect$$libshutdown$$00000000) refers (Special) to libshutdown2.o(.ARM.Collect$$libshutdown$$00000010) for __rt_lib_shutdown_return
    libshutdown.o(.ARM.Collect$$libshutdown$$00000000) refers (Special) to libshutdown2.o(.ARM.Collect$$libshutdown$$0000000A) for __rt_lib_shutdown_signal_1
    libshutdown.o(.ARM.Collect$$libshutdown$$00000000) refers (Special) to libshutdown2.o(.ARM.Collect$$libshutdown$$00000004) for __rt_lib_shutdown_stdio_1
    libshutdown.o(.ARM.Collect$$libshutdown$$00000000) refers (Special) to libshutdown2.o(.ARM.Collect$$libshutdown$$0000000C) for __rt_lib_shutdown_user_alloc_1
    sys_command.o(.text) refers (Special) to use_no_semi.o(.text) for __I$use$semihosting
    sys_command.o(.text) refers (Special) to indicate_semi.o(.text) for __semihosting_library_function
    sys_command_hlt.o(.text) refers (Special) to use_no_semi.o(.text) for __I$use$semihosting
    sys_command_hlt.o(.text) refers (Special) to indicate_semi.o(.text) for __semihosting_library_function
    defsig_rtmem_outer.o(.text) refers to defsig_rtmem_inner.o(.text) for __rt_SIGRTMEM_inner
    defsig_rtmem_outer.o(.text) refers to defsig_exit.o(.text) for __sig_exit
    defsig_rtmem_formal.o(.text) refers to rt_raise.o(.text) for __rt_raise
    rt_raise.o(.text) refers to __raise.o(.text) for __raise
    rt_raise.o(.text) refers to sys_exit.o(.text) for _sys_exit
    defsig_exit.o(.text) refers to sys_exit.o(.text) for _sys_exit
    defsig_rtmem_inner.o(.text) refers to defsig_general.o(.text) for __default_signal_display
    __raise.o(.text) refers to defsig.o(CL$$defsig) for __default_signal_handler
    defsig_general.o(.text) refers to sys_wrch.o(.text) for _ttywrch
    sys_wrch.o(.text) refers (Special) to use_no_semi.o(.text) for __I$use$semihosting
    sys_wrch.o(.text) refers (Special) to indicate_semi.o(.text) for __semihosting_library_function
    sys_wrch_hlt.o(.text) refers (Special) to use_no_semi.o(.text) for __I$use$semihosting
    sys_wrch_hlt.o(.text) refers (Special) to indicate_semi.o(.text) for __semihosting_library_function
    defsig.o(CL$$defsig) refers to defsig_rtmem_inner.o(.text) for __rt_SIGRTMEM_inner
    defsig_abrt_inner.o(.text) refers to defsig_general.o(.text) for __default_signal_display
    defsig_fpe_inner.o(.text) refers to defsig_general.o(.text) for __default_signal_display
    defsig_rtred_inner.o(.text) refers to defsig_general.o(.text) for __default_signal_display
    defsig_stak_inner.o(.text) refers to defsig_general.o(.text) for __default_signal_display
    defsig_pvfn_inner.o(.text) refers to defsig_general.o(.text) for __default_signal_display
    defsig_cppl_inner.o(.text) refers to defsig_general.o(.text) for __default_signal_display
    defsig_segv_inner.o(.text) refers to defsig_general.o(.text) for __default_signal_display
    defsig_other.o(.text) refers to defsig_general.o(.text) for __default_signal_display


==============================================================================

Removing Unused input sections from the image.

    Removing main.o(.text), (0 bytes).
    Removing main.o(.ARM.exidx.text.TIM1_UP_IRQHandler), (8 bytes).
    Removing main.o(.text.TIM1_Config), (70 bytes).
    Removing main.o(.ARM.exidx.text.TIM1_Config), (8 bytes).
    Removing main.o(.text.led_blink), (20 bytes).
    Removing main.o(.ARM.exidx.text.led_blink), (8 bytes).
    Removing main.o(.text.Set_DutyCycle), (16 bytes).
    Removing main.o(.ARM.exidx.text.Set_DutyCycle), (8 bytes).
    Removing main.o(.text.AHT20_Init), (56 bytes).
    Removing main.o(.ARM.exidx.text.AHT20_Init), (8 bytes).
    Removing main.o(.text.AHT20_GetData), (64 bytes).
    Removing main.o(.ARM.exidx.text.AHT20_GetData), (8 bytes).
    Removing main.o(.ARM.exidx.text.AHT20_GetValue), (8 bytes).
    Removing main.o(.text.GetCounterValue), (12 bytes).
    Removing main.o(.ARM.exidx.text.GetCounterValue), (8 bytes).
    Removing main.o(.ARM.exidx.text.main), (8 bytes).
    Removing main.o(.data.temperature_data), (1 bytes).
    Removing main.o(.data.a), (4 bytes).
    Removing main.o(.data.b), (4 bytes).
    Removing main.o(.data.c), (4 bytes).
    Removing main.o(.bss.control_signal), (4 bytes).
    Removing main.o(.bss.fanRPMData), (4 bytes).
    Removing main.o(.bss.rpm_buffer), (9 bytes).
    Removing main.o(.ARM.use_no_argv), (4 bytes).
    Removing delay.o(.text), (0 bytes).
    Removing delay.o(.text.TIM2_Config), (78 bytes).
    Removing delay.o(.ARM.exidx.text.TIM2_Config), (8 bytes).
    Removing delay.o(.text.delay_us), (112 bytes).
    Removing delay.o(.ARM.exidx.text.delay_us), (8 bytes).
    Removing delay.o(.ARM.exidx.text.delay_ms), (8 bytes).
    Removing gpio.o(.text), (0 bytes).
    Removing gpio.o(.text.GPIO_EnableClock), (22 bytes).
    Removing gpio.o(.ARM.exidx.text.GPIO_EnableClock), (8 bytes).
    Removing gpio.o(.ARM.exidx.text.GPIO_Init), (8 bytes).
    Removing gpio.o(.ARM.exidx.text.GPIO_Set), (8 bytes).
    Removing gpio.o(.ARM.exidx.text.GPIO_Reset), (8 bytes).
    Removing gpio.o(.text.GPIO_Toggle), (106 bytes).
    Removing gpio.o(.ARM.exidx.text.GPIO_Toggle), (8 bytes).
    Removing gpio.o(.ARM.exidx.text.GPIO_PullUpDown), (8 bytes).
    Removing gpio.o(.text.GPIO_ReadPin), (50 bytes).
    Removing gpio.o(.ARM.exidx.text.GPIO_ReadPin), (8 bytes).
    Removing spi.o(.text), (0 bytes).
    Removing spi.o(.text.SPI_EnableClock), (62 bytes).
    Removing spi.o(.ARM.exidx.text.SPI_EnableClock), (8 bytes).
    Removing spi.o(.text.SPI_SetClockPhase), (16 bytes).
    Removing spi.o(.ARM.exidx.text.SPI_SetClockPhase), (8 bytes).
    Removing spi.o(.text.SPI_SetClockPolarity), (18 bytes).
    Removing spi.o(.ARM.exidx.text.SPI_SetClockPolarity), (8 bytes).
    Removing spi.o(.text.SPI_SetMasterSlave), (18 bytes).
    Removing spi.o(.ARM.exidx.text.SPI_SetMasterSlave), (8 bytes).
    Removing spi.o(.text.SPI_SetSourceClock), (46 bytes).
    Removing spi.o(.ARM.exidx.text.SPI_SetSourceClock), (8 bytes).
    Removing spi.o(.text.SPI_Enable), (10 bytes).
    Removing spi.o(.ARM.exidx.text.SPI_Enable), (8 bytes).
    Removing spi.o(.text.SPI_SoftwareSlaveSelect_Enable), (26 bytes).
    Removing spi.o(.ARM.exidx.text.SPI_SoftwareSlaveSelect_Enable), (8 bytes).
    Removing spi.o(.text.SPI_SetFrameFormat), (18 bytes).
    Removing spi.o(.ARM.exidx.text.SPI_SetFrameFormat), (8 bytes).
    Removing spi.o(.ARM.exidx.text.SPI_Init), (8 bytes).
    Removing spi.o(.ARM.exidx.text.SPI_IO_Init), (8 bytes).
    Removing spi.o(.text.SPI_SetTransmitOnlyMode), (26 bytes).
    Removing spi.o(.ARM.exidx.text.SPI_SetTransmitOnlyMode), (8 bytes).
    Removing spi.o(.ARM.exidx.text.SPI_Transmit), (8 bytes).
    Removing timer.o(.text), (0 bytes).
    Removing timer.o(.ARM.exidx.text.TIM_EnableTimerClock), (8 bytes).
    Removing timer.o(.text.TIM_SetSlaveMode), (16 bytes).
    Removing timer.o(.ARM.exidx.text.TIM_SetSlaveMode), (8 bytes).
    Removing timer.o(.text.TIM_SetPolarity), (52 bytes).
    Removing timer.o(.ARM.exidx.text.TIM_SetPolarity), (8 bytes).
    Removing timer.o(.text.TIM_SetChannelDirection), (84 bytes).
    Removing timer.o(.ARM.exidx.text.TIM_SetChannelDirection), (8 bytes).
    Removing timer.o(.text.TIM_SetInputCaptureFilter), (72 bytes).
    Removing timer.o(.ARM.exidx.text.TIM_SetInputCaptureFilter), (8 bytes).
    Removing timer.o(.text.TIM_EnableCounter), (10 bytes).
    Removing timer.o(.ARM.exidx.text.TIM_EnableCounter), (8 bytes).
    Removing timer.o(.text.TIM_EnableCaptureInput), (50 bytes).
    Removing timer.o(.ARM.exidx.text.TIM_EnableCaptureInput), (8 bytes).
    Removing timer.o(.ARM.exidx.text.TIM_PWM_Init), (8 bytes).
    Removing timer.o(.text.TIM_PWM_Mode), (70 bytes).
    Removing timer.o(.ARM.exidx.text.TIM_PWM_Mode), (8 bytes).
    Removing timer.o(.text.TIM_ChannelMode_1), (86 bytes).
    Removing timer.o(.ARM.exidx.text.TIM_ChannelMode_1), (8 bytes).
    Removing timer.o(.text.TIM_EnableCCOutput), (32 bytes).
    Removing timer.o(.ARM.exidx.text.TIM_EnableCCOutput), (8 bytes).
    Removing timer.o(.text.TIM_ChannelConfig), (86 bytes).
    Removing timer.o(.ARM.exidx.text.TIM_ChannelConfig), (8 bytes).
    Removing timer.o(.text.PWM_EnableUpdateGeneration), (20 bytes).
    Removing timer.o(.ARM.exidx.text.PWM_EnableUpdateGeneration), (8 bytes).
    Removing timer.o(.ARM.exidx.text.TIM_PWM_Start), (8 bytes).
    Removing timer.o(.text.TIM_SetPrescaler), (6 bytes).
    Removing timer.o(.ARM.exidx.text.TIM_SetPrescaler), (8 bytes).
    Removing timer.o(.text.TIM_SetARRReg), (4 bytes).
    Removing timer.o(.ARM.exidx.text.TIM_SetARRReg), (8 bytes).
    Removing timer.o(.ARM.exidx.text.TIM_SetCCRxReg), (8 bytes).
    Removing timer.o(.ARM.exidx.text.TIM_Encoder_Init), (8 bytes).
    Removing timer.o(.ARM.exidx.text.TIM_EncoderStart), (8 bytes).
    Removing max7219.o(.text), (0 bytes).
    Removing max7219.o(.text.MAX7219_SendData), (64 bytes).
    Removing max7219.o(.ARM.exidx.text.MAX7219_SendData), (8 bytes).
    Removing max7219.o(.text.MAX7219_PowerOn), (68 bytes).
    Removing max7219.o(.ARM.exidx.text.MAX7219_PowerOn), (8 bytes).
    Removing max7219.o(.text.MAX7219_SetIntensity), (66 bytes).
    Removing max7219.o(.ARM.exidx.text.MAX7219_SetIntensity), (8 bytes).
    Removing max7219.o(.text.MAX7219_SetScanLimit), (66 bytes).
    Removing max7219.o(.ARM.exidx.text.MAX7219_SetScanLimit), (8 bytes).
    Removing max7219.o(.text.MAX7219_Clean), (134 bytes).
    Removing max7219.o(.ARM.exidx.text.MAX7219_Clean), (8 bytes).
    Removing max7219.o(.text.MAX7219_SetDecodeMode), (66 bytes).
    Removing max7219.o(.ARM.exidx.text.MAX7219_SetDecodeMode), (8 bytes).
    Removing max7219.o(.ARM.exidx.text.MAX7219_Init), (8 bytes).
    Removing max7219.o(.text.MAX7219_EmptyAllDigits), (402 bytes).
    Removing max7219.o(.ARM.exidx.text.MAX7219_EmptyAllDigits), (8 bytes).
    Removing max7219.o(.text.MAX7219_PrintString), (116 bytes).
    Removing max7219.o(.ARM.exidx.text.MAX7219_PrintString), (8 bytes).
    Removing max7219.o(.text.MAX7219_PrintInt), (316 bytes).
    Removing max7219.o(.ARM.exidx.text.MAX7219_PrintInt), (8 bytes).
    Removing max7219.o(.data.DigitCodes), (10 bytes).
    Removing gp_drive.o(.text), (0 bytes).
    Removing gp_drive.o(.ARM.exidx.text.init_GP), (8 bytes).
    Removing gp_drive.o(.text.R_GP), (38 bytes).
    Removing gp_drive.o(.ARM.exidx.text.R_GP), (8 bytes).
    Removing gp_drive.o(.text.W_GP), (52 bytes).
    Removing gp_drive.o(.ARM.exidx.text.W_GP), (8 bytes).
    Removing gp_drive.o(.text.toggle_GP), (146 bytes).
    Removing gp_drive.o(.ARM.exidx.text.toggle_GP), (8 bytes).
    Removing i2c_drive.o(.text), (0 bytes).
    Removing i2c_drive.o(.ARM.exidx.text.I2C_init), (8 bytes).
    Removing i2c_drive.o(.text.I2C1_Enable_IO_Remap), (40 bytes).
    Removing i2c_drive.o(.ARM.exidx.text.I2C1_Enable_IO_Remap), (8 bytes).
    Removing i2c_drive.o(.text.I2C_start), (148 bytes).
    Removing i2c_drive.o(.ARM.exidx.text.I2C_start), (8 bytes).
    Removing i2c_drive.o(.text.I2C_data), (564 bytes).
    Removing i2c_drive.o(.ARM.exidx.text.I2C_data), (8 bytes).
    Removing i2c_drive.o(.text.I2C_stop), (50 bytes).
    Removing i2c_drive.o(.ARM.exidx.text.I2C_stop), (8 bytes).
    Removing i2c_drive.o(.ARM.exidx.text.I2C_write), (8 bytes).
    Removing i2c_drive.o(.text.I2C_ReadData), (64 bytes).
    Removing i2c_drive.o(.ARM.exidx.text.I2C_ReadData), (8 bytes).
    Removing i2c_drive.o(.ARM.exidx.text.I2C_read), (8 bytes).
    Removing i2c_drive.o(.ARM.exidx.text.I2C_read1), (8 bytes).
    Removing systick_time.o(.text), (0 bytes).
    Removing systick_time.o(.text.systick_init), (26 bytes).
    Removing systick_time.o(.ARM.exidx.text.systick_init), (8 bytes).
    Removing systick_time.o(.text.DelayMillis), (54 bytes).
    Removing systick_time.o(.ARM.exidx.text.DelayMillis), (8 bytes).
    Removing systick_time.o(.text.DelayMs), (302 bytes).
    Removing systick_time.o(.ARM.exidx.text.DelayMs), (8 bytes).
    Removing system_stm32f10x.o(.text), (0 bytes).
    Removing system_stm32f10x.o(.ARM.exidx.text.SystemInit), (8 bytes).
    Removing system_stm32f10x.o(.text.SystemCoreClockUpdate), (108 bytes).
    Removing system_stm32f10x.o(.ARM.exidx.text.SystemCoreClockUpdate), (8 bytes).
    Removing system_stm32f10x.o(.data.SystemCoreClock), (4 bytes).
    Removing system_stm32f10x.o(.rodata.AHBPrescTable), (16 bytes).

153 unused section(s) (total 5012 bytes) removed from the image.

==============================================================================

Image Symbol Table

    Local Symbols

    Symbol Name                              Value     Ov Type        Size  Object(Section)

    ../clib/angel/boardlib.s                 0x00000000   Number         0  boardinit1.o ABSOLUTE
    ../clib/angel/boardlib.s                 0x00000000   Number         0  boardinit2.o ABSOLUTE
    ../clib/angel/boardlib.s                 0x00000000   Number         0  boardinit3.o ABSOLUTE
    ../clib/angel/boardlib.s                 0x00000000   Number         0  boardshut.o ABSOLUTE
    ../clib/angel/handlers.s                 0x00000000   Number         0  __scatter_copy.o ABSOLUTE
    ../clib/angel/handlers.s                 0x00000000   Number         0  __scatter_zi.o ABSOLUTE
    ../clib/angel/kernel.s                   0x00000000   Number         0  __rtentry.o ABSOLUTE
    ../clib/angel/kernel.s                   0x00000000   Number         0  __rtentry2.o ABSOLUTE
    ../clib/angel/kernel.s                   0x00000000   Number         0  __rtentry4.o ABSOLUTE
    ../clib/angel/kernel.s                   0x00000000   Number         0  rtexit.o ABSOLUTE
    ../clib/angel/kernel.s                   0x00000000   Number         0  rtexit2.o ABSOLUTE
    ../clib/angel/rt.s                       0x00000000   Number         0  rt_raise.o ABSOLUTE
    ../clib/angel/scatter.s                  0x00000000   Number         0  __scatter.o ABSOLUTE
    ../clib/angel/startup.s                  0x00000000   Number         0  __main.o ABSOLUTE
    ../clib/angel/sys.s                      0x00000000   Number         0  sys_stackheap_outer.o ABSOLUTE
    ../clib/angel/sys.s                      0x00000000   Number         0  libspace.o ABSOLUTE
    ../clib/angel/sys.s                      0x00000000   Number         0  use_no_semi.o ABSOLUTE
    ../clib/angel/sys.s                      0x00000000   Number         0  indicate_semi.o ABSOLUTE
    ../clib/angel/sysapp.c                   0x00000000   Number         0  sys_exit.o ABSOLUTE
    ../clib/angel/sysapp.c                   0x00000000   Number         0  sys_exit_hlt.o ABSOLUTE
    ../clib/angel/sysapp.c                   0x00000000   Number         0  sys_command.o ABSOLUTE
    ../clib/angel/sysapp.c                   0x00000000   Number         0  sys_command_hlt.o ABSOLUTE
    ../clib/angel/sysapp.c                   0x00000000   Number         0  sys_wrch.o ABSOLUTE
    ../clib/angel/sysapp.c                   0x00000000   Number         0  sys_wrch_hlt.o ABSOLUTE
    ../clib/armsys.c                         0x00000000   Number         0  argv_veneer.o ABSOLUTE
    ../clib/armsys.c                         0x00000000   Number         0  argv_veneer.o ABSOLUTE
    ../clib/armsys.c                         0x00000000   Number         0  _get_argv_nomalloc.o ABSOLUTE
    ../clib/armsys.c                         0x00000000   Number         0  no_argv.o ABSOLUTE
    ../clib/heapalloc.c                      0x00000000   Number         0  hrguard.o ABSOLUTE
    ../clib/heapaux.c                        0x00000000   Number         0  heapauxi.o ABSOLUTE
    ../clib/libinit.s                        0x00000000   Number         0  libinit.o ABSOLUTE
    ../clib/libinit.s                        0x00000000   Number         0  libinit2.o ABSOLUTE
    ../clib/libinit.s                        0x00000000   Number         0  libshutdown.o ABSOLUTE
    ../clib/libinit.s                        0x00000000   Number         0  libshutdown2.o ABSOLUTE
    ../clib/signal.c                         0x00000000   Number         0  defsig_rtmem_outer.o ABSOLUTE
    ../clib/signal.c                         0x00000000   Number         0  defsig_rtmem_formal.o ABSOLUTE
    ../clib/signal.c                         0x00000000   Number         0  defsig_exit.o ABSOLUTE
    ../clib/signal.c                         0x00000000   Number         0  defsig_rtmem_inner.o ABSOLUTE
    ../clib/signal.c                         0x00000000   Number         0  __raise.o ABSOLUTE
    ../clib/signal.c                         0x00000000   Number         0  defsig_general.o ABSOLUTE
    ../clib/signal.c                         0x00000000   Number         0  defsig_abrt_inner.o ABSOLUTE
    ../clib/signal.c                         0x00000000   Number         0  defsig_fpe_inner.o ABSOLUTE
    ../clib/signal.c                         0x00000000   Number         0  defsig_rtred_inner.o ABSOLUTE
    ../clib/signal.c                         0x00000000   Number         0  defsig_stak_inner.o ABSOLUTE
    ../clib/signal.c                         0x00000000   Number         0  defsig_pvfn_inner.o ABSOLUTE
    ../clib/signal.c                         0x00000000   Number         0  defsig_cppl_inner.o ABSOLUTE
    ../clib/signal.c                         0x00000000   Number         0  defsig_segv_inner.o ABSOLUTE
    ../clib/signal.c                         0x00000000   Number         0  defsig_other.o ABSOLUTE
    ../clib/signal.s                         0x00000000   Number         0  defsig.o ABSOLUTE
    ../clib/stdlib.c                         0x00000000   Number         0  exit.o ABSOLUTE
    ../fplib/d2f.s                           0x00000000   Number         0  d2f.o ABSOLUTE
    ../fplib/daddsub.s                       0x00000000   Number         0  daddsub_clz.o ABSOLUTE
    ../fplib/dflt.s                          0x00000000   Number         0  dflt_clz.o ABSOLUTE
    ../fplib/dmul.s                          0x00000000   Number         0  dmul.o ABSOLUTE
    ../fplib/dnaninf.s                       0x00000000   Number         0  dnaninf.o ABSOLUTE
    ../fplib/dretinf.s                       0x00000000   Number         0  dretinf.o ABSOLUTE
    ../fplib/ffix.s                          0x00000000   Number         0  ffix.o ABSOLUTE
    ../fplib/fnaninf.s                       0x00000000   Number         0  fnaninf.o ABSOLUTE
    ../fplib/fpinit.s                        0x00000000   Number         0  fpinit.o ABSOLUTE
    ../fplib/fpinit_empty.s                  0x00000000   Number         0  fpinit_empty.o ABSOLUTE
    ../fplib/fretinf.s                       0x00000000   Number         0  fretinf.o ABSOLUTE
    ../fplib/usenofp.s                       0x00000000   Number         0  usenofp.o ABSOLUTE
    MAX7219.c                                0x00000000   Number         0  max7219.o ABSOLUTE
    RTE/Device/STM32F103C8/startup_stm32f10x_md.s 0x00000000   Number         0  startup_stm32f10x_md.o ABSOLUTE
    Timer.c                                  0x00000000   Number         0  timer.o ABSOLUTE
    dc.s                                     0x00000000   Number         0  dc.o ABSOLUTE
    delay.c                                  0x00000000   Number         0  delay.o ABSOLUTE
    gp_drive.c                               0x00000000   Number         0  gp_drive.o ABSOLUTE
    gpio.c                                   0x00000000   Number         0  gpio.o ABSOLUTE
    i2c_drive.c                              0x00000000   Number         0  i2c_drive.o ABSOLUTE
    main.c                                   0x00000000   Number         0  main.o ABSOLUTE
    spi.c                                    0x00000000   Number         0  spi.o ABSOLUTE
    system_stm32f10x.c                       0x00000000   Number         0  system_stm32f10x.o ABSOLUTE
    systick_time.c                           0x00000000   Number         0  systick_time.o ABSOLUTE
    RESET                                    0x08000000   Section      236  startup_stm32f10x_md.o(RESET)
    !!!main                                  0x080000ec   Section        8  __main.o(!!!main)
    !!!scatter                               0x080000f4   Section       52  __scatter.o(!!!scatter)
    !!handler_copy                           0x08000128   Section       26  __scatter_copy.o(!!handler_copy)
    !!handler_zi                             0x08000144   Section       28  __scatter_zi.o(!!handler_zi)
    .ARM.Collect$$libinit$$00000000          0x08000160   Section        2  libinit.o(.ARM.Collect$$libinit$$00000000)
    .ARM.Collect$$libinit$$00000002          0x08000162   Section        0  libinit2.o(.ARM.Collect$$libinit$$00000002)
    .ARM.Collect$$libinit$$00000004          0x08000162   Section        0  libinit2.o(.ARM.Collect$$libinit$$00000004)
    .ARM.Collect$$libinit$$00000006          0x08000162   Section        0  libinit2.o(.ARM.Collect$$libinit$$00000006)
    .ARM.Collect$$libinit$$0000000C          0x08000162   Section        0  libinit2.o(.ARM.Collect$$libinit$$0000000C)
    .ARM.Collect$$libinit$$0000000E          0x08000162   Section        0  libinit2.o(.ARM.Collect$$libinit$$0000000E)
    .ARM.Collect$$libinit$$00000010          0x08000162   Section        0  libinit2.o(.ARM.Collect$$libinit$$00000010)
    .ARM.Collect$$libinit$$00000013          0x08000162   Section        0  libinit2.o(.ARM.Collect$$libinit$$00000013)
    .ARM.Collect$$libinit$$00000015          0x08000162   Section        0  libinit2.o(.ARM.Collect$$libinit$$00000015)
    .ARM.Collect$$libinit$$00000017          0x08000162   Section        0  libinit2.o(.ARM.Collect$$libinit$$00000017)
    .ARM.Collect$$libinit$$00000019          0x08000162   Section        0  libinit2.o(.ARM.Collect$$libinit$$00000019)
    .ARM.Collect$$libinit$$0000001B          0x08000162   Section        0  libinit2.o(.ARM.Collect$$libinit$$0000001B)
    .ARM.Collect$$libinit$$0000001D          0x08000162   Section        0  libinit2.o(.ARM.Collect$$libinit$$0000001D)
    .ARM.Collect$$libinit$$0000001F          0x08000162   Section        0  libinit2.o(.ARM.Collect$$libinit$$0000001F)
    .ARM.Collect$$libinit$$00000021          0x08000162   Section        0  libinit2.o(.ARM.Collect$$libinit$$00000021)
    .ARM.Collect$$libinit$$00000023          0x08000162   Section        0  libinit2.o(.ARM.Collect$$libinit$$00000023)
    .ARM.Collect$$libinit$$00000025          0x08000162   Section        0  libinit2.o(.ARM.Collect$$libinit$$00000025)
    .ARM.Collect$$libinit$$00000027          0x08000162   Section        0  libinit2.o(.ARM.Collect$$libinit$$00000027)
    .ARM.Collect$$libinit$$0000002E          0x08000162   Section        0  libinit2.o(.ARM.Collect$$libinit$$0000002E)
    .ARM.Collect$$libinit$$00000030          0x08000162   Section        0  libinit2.o(.ARM.Collect$$libinit$$00000030)
    .ARM.Collect$$libinit$$00000032          0x08000162   Section        0  libinit2.o(.ARM.Collect$$libinit$$00000032)
    .ARM.Collect$$libinit$$00000034          0x08000162   Section        0  libinit2.o(.ARM.Collect$$libinit$$00000034)
    .ARM.Collect$$libinit$$00000035          0x08000162   Section        2  libinit2.o(.ARM.Collect$$libinit$$00000035)
    .ARM.Collect$$libshutdown$$00000000      0x08000164   Section        2  libshutdown.o(.ARM.Collect$$libshutdown$$00000000)
    .ARM.Collect$$libshutdown$$00000002      0x08000166   Section        0  libshutdown2.o(.ARM.Collect$$libshutdown$$00000002)
    .ARM.Collect$$libshutdown$$00000004      0x08000166   Section        0  libshutdown2.o(.ARM.Collect$$libshutdown$$00000004)
    .ARM.Collect$$libshutdown$$00000007      0x08000166   Section        0  libshutdown2.o(.ARM.Collect$$libshutdown$$00000007)
    .ARM.Collect$$libshutdown$$0000000A      0x08000166   Section        0  libshutdown2.o(.ARM.Collect$$libshutdown$$0000000A)
    .ARM.Collect$$libshutdown$$0000000C      0x08000166   Section        0  libshutdown2.o(.ARM.Collect$$libshutdown$$0000000C)
    .ARM.Collect$$libshutdown$$0000000F      0x08000166   Section        0  libshutdown2.o(.ARM.Collect$$libshutdown$$0000000F)
    .ARM.Collect$$libshutdown$$00000010      0x08000166   Section        2  libshutdown2.o(.ARM.Collect$$libshutdown$$00000010)
    .ARM.Collect$$rtentry$$00000000          0x08000168   Section        0  __rtentry.o(.ARM.Collect$$rtentry$$00000000)
    .ARM.Collect$$rtentry$$00000002          0x08000168   Section        0  __rtentry2.o(.ARM.Collect$$rtentry$$00000002)
    .ARM.Collect$$rtentry$$00000004          0x08000168   Section        6  __rtentry4.o(.ARM.Collect$$rtentry$$00000004)
    .ARM.Collect$$rtentry$$00000009          0x0800016e   Section        0  __rtentry2.o(.ARM.Collect$$rtentry$$00000009)
    .ARM.Collect$$rtentry$$0000000A          0x0800016e   Section        4  __rtentry2.o(.ARM.Collect$$rtentry$$0000000A)
    .ARM.Collect$$rtentry$$0000000C          0x08000172   Section        0  __rtentry2.o(.ARM.Collect$$rtentry$$0000000C)
    .ARM.Collect$$rtentry$$0000000D          0x08000172   Section        8  __rtentry2.o(.ARM.Collect$$rtentry$$0000000D)
    .ARM.Collect$$rtexit$$00000000           0x0800017a   Section        2  rtexit.o(.ARM.Collect$$rtexit$$00000000)
    .ARM.Collect$$rtexit$$00000002           0x0800017c   Section        0  rtexit2.o(.ARM.Collect$$rtexit$$00000002)
    .ARM.Collect$$rtexit$$00000003           0x0800017c   Section        4  rtexit2.o(.ARM.Collect$$rtexit$$00000003)
    .ARM.Collect$$rtexit$$00000004           0x08000180   Section        6  rtexit2.o(.ARM.Collect$$rtexit$$00000004)
    .text                                    0x08000188   Section       64  startup_stm32f10x_md.o(.text)
    .text                                    0x080001c8   Section        0  heapauxi.o(.text)
    .text                                    0x080001ce   Section       74  sys_stackheap_outer.o(.text)
    .text                                    0x08000218   Section        0  exit.o(.text)
    .text                                    0x0800022c   Section        8  libspace.o(.text)
    .text                                    0x08000234   Section        0  sys_exit.o(.text)
    .text                                    0x08000240   Section        2  use_no_semi.o(.text)
    .text                                    0x08000242   Section        0  indicate_semi.o(.text)
    [Anonymous Symbol]                       0x08000244   Section        0  main.o(.text.AHT20_GetValue)
    [Anonymous Symbol]                       0x0800031c   Section        0  gpio.o(.text.GPIO_Init)
    [Anonymous Symbol]                       0x080005ec   Section        0  gpio.o(.text.GPIO_PullUpDown)
    [Anonymous Symbol]                       0x08000664   Section        0  gpio.o(.text.GPIO_Reset)
    [Anonymous Symbol]                       0x080006a4   Section        0  gpio.o(.text.GPIO_Set)
    [Anonymous Symbol]                       0x080006e4   Section        0  i2c_drive.o(.text.I2C_init)
    [Anonymous Symbol]                       0x08000780   Section        0  i2c_drive.o(.text.I2C_read)
    [Anonymous Symbol]                       0x08000980   Section        0  i2c_drive.o(.text.I2C_read1)
    [Anonymous Symbol]                       0x08000a70   Section        0  i2c_drive.o(.text.I2C_write)
    [Anonymous Symbol]                       0x08000d24   Section        0  max7219.o(.text.MAX7219_Init)
    [Anonymous Symbol]                       0x08000e00   Section        0  spi.o(.text.SPI_IO_Init)
    [Anonymous Symbol]                       0x08000e78   Section        0  spi.o(.text.SPI_Init)
    [Anonymous Symbol]                       0x08000f34   Section        0  spi.o(.text.SPI_Transmit)
    [Anonymous Symbol]                       0x0800109c   Section        0  system_stm32f10x.o(.text.SystemInit)
    [Anonymous Symbol]                       0x080011e8   Section        0  main.o(.text.TIM1_UP_IRQHandler)
    [Anonymous Symbol]                       0x0800127c   Section        0  timer.o(.text.TIM_EnableTimerClock)
    [Anonymous Symbol]                       0x08001300   Section        0  timer.o(.text.TIM_EncoderStart)
    [Anonymous Symbol]                       0x0800131c   Section        0  timer.o(.text.TIM_Encoder_Init)
    [Anonymous Symbol]                       0x080013e4   Section        0  timer.o(.text.TIM_PWM_Init)
    [Anonymous Symbol]                       0x08001574   Section        0  timer.o(.text.TIM_PWM_Start)
    [Anonymous Symbol]                       0x080015b0   Section        0  timer.o(.text.TIM_SetCCRxReg)
    [Anonymous Symbol]                       0x080015d8   Section        0  delay.o(.text.delay_ms)
    [Anonymous Symbol]                       0x0800173c   Section        0  gp_drive.o(.text.init_GP)
    [Anonymous Symbol]                       0x080017ac   Section        0  main.o(.text.main)
    x$fpl$d2f                                0x080018b8   Section       98  d2f.o(x$fpl$d2f)
    x$fpl$dadd                               0x0800191c   Section      336  daddsub_clz.o(x$fpl$dadd)
    _dadd1                                   0x0800192d   Thumb Code     0  daddsub_clz.o(x$fpl$dadd)
    x$fpl$dfltu                              0x08001a6c   Section       38  dflt_clz.o(x$fpl$dfltu)
    x$fpl$dmul                               0x08001a94   Section      340  dmul.o(x$fpl$dmul)
    x$fpl$dnaninf                            0x08001be8   Section      156  dnaninf.o(x$fpl$dnaninf)
    x$fpl$dretinf                            0x08001c84   Section       12  dretinf.o(x$fpl$dretinf)
    x$fpl$dsub                               0x08001c90   Section      476  daddsub_clz.o(x$fpl$dsub)
    _dsub1                                   0x08001ca1   Thumb Code     0  daddsub_clz.o(x$fpl$dsub)
    x$fpl$ffix                               0x08001e6c   Section       54  ffix.o(x$fpl$ffix)
    x$fpl$fnaninf                            0x08001ea2   Section      140  fnaninf.o(x$fpl$fnaninf)
    x$fpl$fretinf                            0x08001f2e   Section       10  fretinf.o(x$fpl$fretinf)
    .Lswitch.table.TIM_PWM_Start             0x08001f38   Data           8  timer.o(.rodata.cst8)
    x$fpl$usenofp                            0x08001f38   Section        0  usenofp.o(x$fpl$usenofp)
    .bss                                     0x20000008   Section       96  libspace.o(.bss)
    Heap_Mem                                 0x20000090   Data         512  startup_stm32f10x_md.o(HEAP)
    HEAP                                     0x20000090   Section      512  startup_stm32f10x_md.o(HEAP)
    Stack_Mem                                0x20000290   Data        1024  startup_stm32f10x_md.o(STACK)
    STACK                                    0x20000290   Section     1024  startup_stm32f10x_md.o(STACK)
    __initial_sp                             0x20000690   Data           0  startup_stm32f10x_md.o(STACK)

    Global Symbols

    Symbol Name                              Value     Ov Type        Size  Object(Section)

    BuildAttributes$$THM_ISAv4$P$D$K$B$S$PE$A:L22UL41UL21$X:L11$S22US41US21$IEEE1$IW$~IW$USESV6$~STKCKD$USESV7$~SHL$OTIME$ROPI$EBA8$UX$STANDARDLIB$REQ8$PRES8$EABIv2 0x00000000   Number         0  anon$$obj.o ABSOLUTE
    __fp_init_empty                          0x00000000   Number         0  fpinit_empty.o ABSOLUTE
    __ARM_exceptions_init                     - Undefined Weak Reference
    __alloca_initialize                       - Undefined Weak Reference
    __arm_preinit_                            - Undefined Weak Reference
    __arm_relocate_pie_                       - Undefined Weak Reference
    __cpp_initialize__aeabi_                  - Undefined Weak Reference
    __cxa_finalize                            - Undefined Weak Reference
    __rt_locale                               - Undefined Weak Reference
    __sigvec_lookup                           - Undefined Weak Reference
    _atexit_init                              - Undefined Weak Reference
    _call_atexit_fns                          - Undefined Weak Reference
    _clock_init                               - Undefined Weak Reference
    _fp_trap_init                             - Undefined Weak Reference
    _fp_trap_shutdown                         - Undefined Weak Reference
    _get_lc_collate                           - Undefined Weak Reference
    _get_lc_ctype                             - Undefined Weak Reference
    _get_lc_monetary                          - Undefined Weak Reference
    _get_lc_numeric                           - Undefined Weak Reference
    _get_lc_time                              - Undefined Weak Reference
    _getenv_init                              - Undefined Weak Reference
    _handle_redirection                       - Undefined Weak Reference
    _init_alloc                               - Undefined Weak Reference
    _init_user_alloc                          - Undefined Weak Reference
    _initio                                   - Undefined Weak Reference
    _rand_init                                - Undefined Weak Reference
    _signal_finish                            - Undefined Weak Reference
    _signal_init                              - Undefined Weak Reference
    _terminate_alloc                          - Undefined Weak Reference
    _terminate_user_alloc                     - Undefined Weak Reference
    _terminateio                              - Undefined Weak Reference
    __Vectors_Size                           0x000000ec   Number         0  startup_stm32f10x_md.o ABSOLUTE
    __Vectors                                0x08000000   Data           4  startup_stm32f10x_md.o(RESET)
    __Vectors_End                            0x080000ec   Data           0  startup_stm32f10x_md.o(RESET)
    __main                                   0x080000ed   Thumb Code     8  __main.o(!!!main)
    __scatterload                            0x080000f5   Thumb Code     0  __scatter.o(!!!scatter)
    __scatterload_rt2                        0x080000f5   Thumb Code    44  __scatter.o(!!!scatter)
    __scatterload_rt2_thumb_only             0x080000f5   Thumb Code     0  __scatter.o(!!!scatter)
    __scatterload_null                       0x08000103   Thumb Code     0  __scatter.o(!!!scatter)
    __scatterload_copy                       0x08000129   Thumb Code    26  __scatter_copy.o(!!handler_copy)
    __scatterload_zeroinit                   0x08000145   Thumb Code    28  __scatter_zi.o(!!handler_zi)
    __rt_lib_init                            0x08000161   Thumb Code     0  libinit.o(.ARM.Collect$$libinit$$00000000)
    __rt_lib_init_alloca_1                   0x08000163   Thumb Code     0  libinit2.o(.ARM.Collect$$libinit$$00000030)
    __rt_lib_init_argv_1                     0x08000163   Thumb Code     0  libinit2.o(.ARM.Collect$$libinit$$0000002E)
    __rt_lib_init_atexit_1                   0x08000163   Thumb Code     0  libinit2.o(.ARM.Collect$$libinit$$0000001D)
    __rt_lib_init_clock_1                    0x08000163   Thumb Code     0  libinit2.o(.ARM.Collect$$libinit$$00000023)
    __rt_lib_init_cpp_1                      0x08000163   Thumb Code     0  libinit2.o(.ARM.Collect$$libinit$$00000034)
    __rt_lib_init_exceptions_1               0x08000163   Thumb Code     0  libinit2.o(.ARM.Collect$$libinit$$00000032)
    __rt_lib_init_fp_1                       0x08000163   Thumb Code     0  libinit2.o(.ARM.Collect$$libinit$$00000002)
    __rt_lib_init_fp_trap_1                  0x08000163   Thumb Code     0  libinit2.o(.ARM.Collect$$libinit$$00000021)
    __rt_lib_init_getenv_1                   0x08000163   Thumb Code     0  libinit2.o(.ARM.Collect$$libinit$$00000025)
    __rt_lib_init_heap_1                     0x08000163   Thumb Code     0  libinit2.o(.ARM.Collect$$libinit$$0000000C)
    __rt_lib_init_lc_collate_1               0x08000163   Thumb Code     0  libinit2.o(.ARM.Collect$$libinit$$00000013)
    __rt_lib_init_lc_ctype_1                 0x08000163   Thumb Code     0  libinit2.o(.ARM.Collect$$libinit$$00000015)
    __rt_lib_init_lc_monetary_1              0x08000163   Thumb Code     0  libinit2.o(.ARM.Collect$$libinit$$00000017)
    __rt_lib_init_lc_numeric_1               0x08000163   Thumb Code     0  libinit2.o(.ARM.Collect$$libinit$$00000019)
    __rt_lib_init_lc_time_1                  0x08000163   Thumb Code     0  libinit2.o(.ARM.Collect$$libinit$$0000001B)
    __rt_lib_init_preinit_1                  0x08000163   Thumb Code     0  libinit2.o(.ARM.Collect$$libinit$$00000006)
    __rt_lib_init_rand_1                     0x08000163   Thumb Code     0  libinit2.o(.ARM.Collect$$libinit$$00000010)
    __rt_lib_init_relocate_pie_1             0x08000163   Thumb Code     0  libinit2.o(.ARM.Collect$$libinit$$00000004)
    __rt_lib_init_return                     0x08000163   Thumb Code     0  libinit2.o(.ARM.Collect$$libinit$$00000035)
    __rt_lib_init_signal_1                   0x08000163   Thumb Code     0  libinit2.o(.ARM.Collect$$libinit$$0000001F)
    __rt_lib_init_stdio_1                    0x08000163   Thumb Code     0  libinit2.o(.ARM.Collect$$libinit$$00000027)
    __rt_lib_init_user_alloc_1               0x08000163   Thumb Code     0  libinit2.o(.ARM.Collect$$libinit$$0000000E)
    __rt_lib_shutdown                        0x08000165   Thumb Code     0  libshutdown.o(.ARM.Collect$$libshutdown$$00000000)
    __rt_lib_shutdown_cpp_1                  0x08000167   Thumb Code     0  libshutdown2.o(.ARM.Collect$$libshutdown$$00000002)
    __rt_lib_shutdown_fp_trap_1              0x08000167   Thumb Code     0  libshutdown2.o(.ARM.Collect$$libshutdown$$00000007)
    __rt_lib_shutdown_heap_1                 0x08000167   Thumb Code     0  libshutdown2.o(.ARM.Collect$$libshutdown$$0000000F)
    __rt_lib_shutdown_return                 0x08000167   Thumb Code     0  libshutdown2.o(.ARM.Collect$$libshutdown$$00000010)
    __rt_lib_shutdown_signal_1               0x08000167   Thumb Code     0  libshutdown2.o(.ARM.Collect$$libshutdown$$0000000A)
    __rt_lib_shutdown_stdio_1                0x08000167   Thumb Code     0  libshutdown2.o(.ARM.Collect$$libshutdown$$00000004)
    __rt_lib_shutdown_user_alloc_1           0x08000167   Thumb Code     0  libshutdown2.o(.ARM.Collect$$libshutdown$$0000000C)
    __rt_entry                               0x08000169   Thumb Code     0  __rtentry.o(.ARM.Collect$$rtentry$$00000000)
    __rt_entry_presh_1                       0x08000169   Thumb Code     0  __rtentry2.o(.ARM.Collect$$rtentry$$00000002)
    __rt_entry_sh                            0x08000169   Thumb Code     0  __rtentry4.o(.ARM.Collect$$rtentry$$00000004)
    __rt_entry_li                            0x0800016f   Thumb Code     0  __rtentry2.o(.ARM.Collect$$rtentry$$0000000A)
    __rt_entry_postsh_1                      0x0800016f   Thumb Code     0  __rtentry2.o(.ARM.Collect$$rtentry$$00000009)
    __rt_entry_main                          0x08000173   Thumb Code     0  __rtentry2.o(.ARM.Collect$$rtentry$$0000000D)
    __rt_entry_postli_1                      0x08000173   Thumb Code     0  __rtentry2.o(.ARM.Collect$$rtentry$$0000000C)
    __rt_exit                                0x0800017b   Thumb Code     0  rtexit.o(.ARM.Collect$$rtexit$$00000000)
    __rt_exit_ls                             0x0800017d   Thumb Code     0  rtexit2.o(.ARM.Collect$$rtexit$$00000003)
    __rt_exit_prels_1                        0x0800017d   Thumb Code     0  rtexit2.o(.ARM.Collect$$rtexit$$00000002)
    __rt_exit_exit                           0x08000181   Thumb Code     0  rtexit2.o(.ARM.Collect$$rtexit$$00000004)
    Reset_Handler                            0x08000189   Thumb Code     8  startup_stm32f10x_md.o(.text)
    NMI_Handler                              0x08000191   Thumb Code     2  startup_stm32f10x_md.o(.text)
    HardFault_Handler                        0x08000193   Thumb Code     2  startup_stm32f10x_md.o(.text)
    MemManage_Handler                        0x08000195   Thumb Code     2  startup_stm32f10x_md.o(.text)
    BusFault_Handler                         0x08000197   Thumb Code     2  startup_stm32f10x_md.o(.text)
    UsageFault_Handler                       0x08000199   Thumb Code     2  startup_stm32f10x_md.o(.text)
    SVC_Handler                              0x0800019b   Thumb Code     2  startup_stm32f10x_md.o(.text)
    DebugMon_Handler                         0x0800019d   Thumb Code     2  startup_stm32f10x_md.o(.text)
    PendSV_Handler                           0x0800019f   Thumb Code     2  startup_stm32f10x_md.o(.text)
    SysTick_Handler                          0x080001a1   Thumb Code     2  startup_stm32f10x_md.o(.text)
    ADC1_2_IRQHandler                        0x080001a3   Thumb Code     0  startup_stm32f10x_md.o(.text)
    CAN1_RX1_IRQHandler                      0x080001a3   Thumb Code     0  startup_stm32f10x_md.o(.text)
    CAN1_SCE_IRQHandler                      0x080001a3   Thumb Code     0  startup_stm32f10x_md.o(.text)
    DMA1_Channel1_IRQHandler                 0x080001a3   Thumb Code     0  startup_stm32f10x_md.o(.text)
    DMA1_Channel2_IRQHandler                 0x080001a3   Thumb Code     0  startup_stm32f10x_md.o(.text)
    DMA1_Channel3_IRQHandler                 0x080001a3   Thumb Code     0  startup_stm32f10x_md.o(.text)
    DMA1_Channel4_IRQHandler                 0x080001a3   Thumb Code     0  startup_stm32f10x_md.o(.text)
    DMA1_Channel5_IRQHandler                 0x080001a3   Thumb Code     0  startup_stm32f10x_md.o(.text)
    DMA1_Channel6_IRQHandler                 0x080001a3   Thumb Code     0  startup_stm32f10x_md.o(.text)
    DMA1_Channel7_IRQHandler                 0x080001a3   Thumb Code     0  startup_stm32f10x_md.o(.text)
    EXTI0_IRQHandler                         0x080001a3   Thumb Code     0  startup_stm32f10x_md.o(.text)
    EXTI15_10_IRQHandler                     0x080001a3   Thumb Code     0  startup_stm32f10x_md.o(.text)
    EXTI1_IRQHandler                         0x080001a3   Thumb Code     0  startup_stm32f10x_md.o(.text)
    EXTI2_IRQHandler                         0x080001a3   Thumb Code     0  startup_stm32f10x_md.o(.text)
    EXTI3_IRQHandler                         0x080001a3   Thumb Code     0  startup_stm32f10x_md.o(.text)
    EXTI4_IRQHandler                         0x080001a3   Thumb Code     0  startup_stm32f10x_md.o(.text)
    EXTI9_5_IRQHandler                       0x080001a3   Thumb Code     0  startup_stm32f10x_md.o(.text)
    FLASH_IRQHandler                         0x080001a3   Thumb Code     0  startup_stm32f10x_md.o(.text)
    I2C1_ER_IRQHandler                       0x080001a3   Thumb Code     0  startup_stm32f10x_md.o(.text)
    I2C1_EV_IRQHandler                       0x080001a3   Thumb Code     0  startup_stm32f10x_md.o(.text)
    I2C2_ER_IRQHandler                       0x080001a3   Thumb Code     0  startup_stm32f10x_md.o(.text)
    I2C2_EV_IRQHandler                       0x080001a3   Thumb Code     0  startup_stm32f10x_md.o(.text)
    PVD_IRQHandler                           0x080001a3   Thumb Code     0  startup_stm32f10x_md.o(.text)
    RCC_IRQHandler                           0x080001a3   Thumb Code     0  startup_stm32f10x_md.o(.text)
    RTCAlarm_IRQHandler                      0x080001a3   Thumb Code     0  startup_stm32f10x_md.o(.text)
    RTC_IRQHandler                           0x080001a3   Thumb Code     0  startup_stm32f10x_md.o(.text)
    SPI1_IRQHandler                          0x080001a3   Thumb Code     0  startup_stm32f10x_md.o(.text)
    SPI2_IRQHandler                          0x080001a3   Thumb Code     0  startup_stm32f10x_md.o(.text)
    TAMPER_IRQHandler                        0x080001a3   Thumb Code     0  startup_stm32f10x_md.o(.text)
    TIM1_BRK_IRQHandler                      0x080001a3   Thumb Code     0  startup_stm32f10x_md.o(.text)
    TIM1_CC_IRQHandler                       0x080001a3   Thumb Code     0  startup_stm32f10x_md.o(.text)
    TIM1_TRG_COM_IRQHandler                  0x080001a3   Thumb Code     0  startup_stm32f10x_md.o(.text)
    TIM2_IRQHandler                          0x080001a3   Thumb Code     0  startup_stm32f10x_md.o(.text)
    TIM3_IRQHandler                          0x080001a3   Thumb Code     0  startup_stm32f10x_md.o(.text)
    TIM4_IRQHandler                          0x080001a3   Thumb Code     0  startup_stm32f10x_md.o(.text)
    USART1_IRQHandler                        0x080001a3   Thumb Code     0  startup_stm32f10x_md.o(.text)
    USART2_IRQHandler                        0x080001a3   Thumb Code     0  startup_stm32f10x_md.o(.text)
    USART3_IRQHandler                        0x080001a3   Thumb Code     0  startup_stm32f10x_md.o(.text)
    USBWakeUp_IRQHandler                     0x080001a3   Thumb Code     0  startup_stm32f10x_md.o(.text)
    USB_HP_CAN1_TX_IRQHandler                0x080001a3   Thumb Code     0  startup_stm32f10x_md.o(.text)
    USB_LP_CAN1_RX0_IRQHandler               0x080001a3   Thumb Code     0  startup_stm32f10x_md.o(.text)
    WWDG_IRQHandler                          0x080001a3   Thumb Code     0  startup_stm32f10x_md.o(.text)
    __user_initial_stackheap                 0x080001a5   Thumb Code     0  startup_stm32f10x_md.o(.text)
    __use_two_region_memory                  0x080001c9   Thumb Code     2  heapauxi.o(.text)
    __rt_heap_escrow$2region                 0x080001cb   Thumb Code     2  heapauxi.o(.text)
    __rt_heap_expand$2region                 0x080001cd   Thumb Code     2  heapauxi.o(.text)
    __user_setup_stackheap                   0x080001cf   Thumb Code    74  sys_stackheap_outer.o(.text)
    exit                                     0x08000219   Thumb Code    18  exit.o(.text)
    __user_libspace                          0x0800022d   Thumb Code     8  libspace.o(.text)
    __user_perproc_libspace                  0x0800022d   Thumb Code     0  libspace.o(.text)
    __user_perthread_libspace                0x0800022d   Thumb Code     0  libspace.o(.text)
    _sys_exit                                0x08000235   Thumb Code     8  sys_exit.o(.text)
    __I$use$semihosting                      0x08000241   Thumb Code     0  use_no_semi.o(.text)
    __use_no_semihosting_swi                 0x08000241   Thumb Code     2  use_no_semi.o(.text)
    __semihosting_library_function           0x08000243   Thumb Code     0  indicate_semi.o(.text)
    AHT20_GetValue                           0x08000245   Thumb Code   214  main.o(.text.AHT20_GetValue)
    GPIO_Init                                0x0800031d   Thumb Code   718  gpio.o(.text.GPIO_Init)
    GPIO_PullUpDown                          0x080005ed   Thumb Code   118  gpio.o(.text.GPIO_PullUpDown)
    GPIO_Reset                               0x08000665   Thumb Code    64  gpio.o(.text.GPIO_Reset)
    GPIO_Set                                 0x080006a5   Thumb Code    62  gpio.o(.text.GPIO_Set)
    I2C_init                                 0x080006e5   Thumb Code   154  i2c_drive.o(.text.I2C_init)
    I2C_read                                 0x08000781   Thumb Code   512  i2c_drive.o(.text.I2C_read)
    I2C_read1                                0x08000981   Thumb Code   240  i2c_drive.o(.text.I2C_read1)
    I2C_write                                0x08000a71   Thumb Code   692  i2c_drive.o(.text.I2C_write)
    MAX7219_Init                             0x08000d25   Thumb Code   220  max7219.o(.text.MAX7219_Init)
    SPI_IO_Init                              0x08000e01   Thumb Code   118  spi.o(.text.SPI_IO_Init)
    SPI_Init                                 0x08000e79   Thumb Code   188  spi.o(.text.SPI_Init)
    SPI_Transmit                             0x08000f35   Thumb Code   360  spi.o(.text.SPI_Transmit)
    SystemInit                               0x0800109d   Thumb Code   330  system_stm32f10x.o(.text.SystemInit)
    TIM1_UP_IRQHandler                       0x080011e9   Thumb Code   148  main.o(.text.TIM1_UP_IRQHandler)
    TIM_EnableTimerClock                     0x0800127d   Thumb Code   132  timer.o(.text.TIM_EnableTimerClock)
    TIM_EncoderStart                         0x08001301   Thumb Code    26  timer.o(.text.TIM_EncoderStart)
    TIM_Encoder_Init                         0x0800131d   Thumb Code   200  timer.o(.text.TIM_Encoder_Init)
    TIM_PWM_Init                             0x080013e5   Thumb Code   400  timer.o(.text.TIM_PWM_Init)
    TIM_PWM_Start                            0x08001575   Thumb Code    58  timer.o(.text.TIM_PWM_Start)
    TIM_SetCCRxReg                           0x080015b1   Thumb Code    40  timer.o(.text.TIM_SetCCRxReg)
    delay_ms                                 0x080015d9   Thumb Code   354  delay.o(.text.delay_ms)
    init_GP                                  0x0800173d   Thumb Code   110  gp_drive.o(.text.init_GP)
    main                                     0x080017ad   Thumb Code   268  main.o(.text.main)
    __aeabi_d2f                              0x080018b9   Thumb Code     0  d2f.o(x$fpl$d2f)
    _d2f                                     0x080018b9   Thumb Code    98  d2f.o(x$fpl$d2f)
    __aeabi_dadd                             0x0800191d   Thumb Code     0  daddsub_clz.o(x$fpl$dadd)
    _dadd                                    0x0800191d   Thumb Code   332  daddsub_clz.o(x$fpl$dadd)
    __aeabi_ui2d                             0x08001a6d   Thumb Code     0  dflt_clz.o(x$fpl$dfltu)
    _dfltu                                   0x08001a6d   Thumb Code    38  dflt_clz.o(x$fpl$dfltu)
    __aeabi_dmul                             0x08001a95   Thumb Code     0  dmul.o(x$fpl$dmul)
    _dmul                                    0x08001a95   Thumb Code   332  dmul.o(x$fpl$dmul)
    __fpl_dnaninf                            0x08001be9   Thumb Code   156  dnaninf.o(x$fpl$dnaninf)
    __fpl_dretinf                            0x08001c85   Thumb Code    12  dretinf.o(x$fpl$dretinf)
    __aeabi_dsub                             0x08001c91   Thumb Code     0  daddsub_clz.o(x$fpl$dsub)
    _dsub                                    0x08001c91   Thumb Code   472  daddsub_clz.o(x$fpl$dsub)
    __aeabi_f2iz                             0x08001e6d   Thumb Code     0  ffix.o(x$fpl$ffix)
    _ffix                                    0x08001e6d   Thumb Code    54  ffix.o(x$fpl$ffix)
    __fpl_fnaninf                            0x08001ea3   Thumb Code   140  fnaninf.o(x$fpl$fnaninf)
    __fpl_fretinf                            0x08001f2f   Thumb Code    10  fretinf.o(x$fpl$fretinf)
    __I$use$fp                               0x08001f38   Number         0  usenofp.o(x$fpl$usenofp)
    Region$$Table$$Base                      0x08001f40   Number         0  anon$$obj.o(Region$$Table)
    Region$$Table$$Limit                     0x08001f60   Number         0  anon$$obj.o(Region$$Table)
    rx_data                                  0x20000000   Data           1  main.o(.data.rx_data)
    __libspace_start                         0x20000008   Data          96  libspace.o(.bss)
    AHT20_Data                               0x20000068   Data           2  main.o(.bss.AHT20_Data)
    __temporary_stack_top$libspace           0x20000068   Data           0  libspace.o(.bss)
    Timer_global                             0x2000006c   Data           4  timer.o(.bss.Timer_global)
    actualHumidity                           0x20000070   Data           4  main.o(.bss.actualHumidity)
    actualTemperature                        0x20000074   Data           4  main.o(.bss.actualTemperature)
    counterVal                               0x20000078   Data           4  main.o(.bss.counterVal)
    currentFanRPM                            0x2000007c   Data           2  main.o(.bss.currentFanRPM)
    data                                     0x2000007e   Data           6  main.o(.bss.data)
    encoderPPS                               0x20000084   Data           2  main.o(.bss.encoderPPS)
    ms_count                                 0x20000086   Data           2  main.o(.bss.ms_count)
    old_position                             0x20000088   Data           2  main.o(.bss.old_position)
    position                                 0x2000008a   Data           2  main.o(.bss.position)



==============================================================================

Memory Map of the image

  Image Entry point : 0x08000189

  Load Region LR_1 (Base: 0x08000000, Size: 0x00001f64, Max: 0xffffffff, ABSOLUTE)

    Execution Region ER_RO (Exec base: 0x08000000, Load base: 0x08000000, Size: 0x00001f60, Max: 0xffffffff, ABSOLUTE)

    Exec Addr    Load Addr    Size         Type   Attr      Idx    E Section Name        Object

    0x08000000   0x08000000   0x000000ec   Data   RO          249    RESET               startup_stm32f10x_md.o
    0x080000ec   0x080000ec   0x00000008   Code   RO          274  * !!!main             c_w.l(__main.o)
    0x080000f4   0x080000f4   0x00000034   Code   RO          468    !!!scatter          c_w.l(__scatter.o)
    0x08000128   0x08000128   0x0000001a   Code   RO          470    !!handler_copy      c_w.l(__scatter_copy.o)
    0x08000142   0x08000142   0x00000002   PAD
    0x08000144   0x08000144   0x0000001c   Code   RO          472    !!handler_zi        c_w.l(__scatter_zi.o)
    0x08000160   0x08000160   0x00000002   Code   RO          330    .ARM.Collect$$libinit$$00000000  c_w.l(libinit.o)
    0x08000162   0x08000162   0x00000000   Code   RO          337    .ARM.Collect$$libinit$$00000002  c_w.l(libinit2.o)
    0x08000162   0x08000162   0x00000000   Code   RO          339    .ARM.Collect$$libinit$$00000004  c_w.l(libinit2.o)
    0x08000162   0x08000162   0x00000000   Code   RO          341    .ARM.Collect$$libinit$$00000006  c_w.l(libinit2.o)
    0x08000162   0x08000162   0x00000000   Code   RO          344    .ARM.Collect$$libinit$$0000000C  c_w.l(libinit2.o)
    0x08000162   0x08000162   0x00000000   Code   RO          346    .ARM.Collect$$libinit$$0000000E  c_w.l(libinit2.o)
    0x08000162   0x08000162   0x00000000   Code   RO          348    .ARM.Collect$$libinit$$00000010  c_w.l(libinit2.o)
    0x08000162   0x08000162   0x00000000   Code   RO          351    .ARM.Collect$$libinit$$00000013  c_w.l(libinit2.o)
    0x08000162   0x08000162   0x00000000   Code   RO          353    .ARM.Collect$$libinit$$00000015  c_w.l(libinit2.o)
    0x08000162   0x08000162   0x00000000   Code   RO          355    .ARM.Collect$$libinit$$00000017  c_w.l(libinit2.o)
    0x08000162   0x08000162   0x00000000   Code   RO          357    .ARM.Collect$$libinit$$00000019  c_w.l(libinit2.o)
    0x08000162   0x08000162   0x00000000   Code   RO          359    .ARM.Collect$$libinit$$0000001B  c_w.l(libinit2.o)
    0x08000162   0x08000162   0x00000000   Code   RO          361    .ARM.Collect$$libinit$$0000001D  c_w.l(libinit2.o)
    0x08000162   0x08000162   0x00000000   Code   RO          363    .ARM.Collect$$libinit$$0000001F  c_w.l(libinit2.o)
    0x08000162   0x08000162   0x00000000   Code   RO          365    .ARM.Collect$$libinit$$00000021  c_w.l(libinit2.o)
    0x08000162   0x08000162   0x00000000   Code   RO          367    .ARM.Collect$$libinit$$00000023  c_w.l(libinit2.o)
    0x08000162   0x08000162   0x00000000   Code   RO          369    .ARM.Collect$$libinit$$00000025  c_w.l(libinit2.o)
    0x08000162   0x08000162   0x00000000   Code   RO          371    .ARM.Collect$$libinit$$00000027  c_w.l(libinit2.o)
    0x08000162   0x08000162   0x00000000   Code   RO          375    .ARM.Collect$$libinit$$0000002E  c_w.l(libinit2.o)
    0x08000162   0x08000162   0x00000000   Code   RO          377    .ARM.Collect$$libinit$$00000030  c_w.l(libinit2.o)
    0x08000162   0x08000162   0x00000000   Code   RO          379    .ARM.Collect$$libinit$$00000032  c_w.l(libinit2.o)
    0x08000162   0x08000162   0x00000000   Code   RO          381    .ARM.Collect$$libinit$$00000034  c_w.l(libinit2.o)
    0x08000162   0x08000162   0x00000002   Code   RO          382    .ARM.Collect$$libinit$$00000035  c_w.l(libinit2.o)
    0x08000164   0x08000164   0x00000002   Code   RO          404    .ARM.Collect$$libshutdown$$00000000  c_w.l(libshutdown.o)
    0x08000166   0x08000166   0x00000000   Code   RO          419    .ARM.Collect$$libshutdown$$00000002  c_w.l(libshutdown2.o)
    0x08000166   0x08000166   0x00000000   Code   RO          421    .ARM.Collect$$libshutdown$$00000004  c_w.l(libshutdown2.o)
    0x08000166   0x08000166   0x00000000   Code   RO          424    .ARM.Collect$$libshutdown$$00000007  c_w.l(libshutdown2.o)
    0x08000166   0x08000166   0x00000000   Code   RO          427    .ARM.Collect$$libshutdown$$0000000A  c_w.l(libshutdown2.o)
    0x08000166   0x08000166   0x00000000   Code   RO          429    .ARM.Collect$$libshutdown$$0000000C  c_w.l(libshutdown2.o)
    0x08000166   0x08000166   0x00000000   Code   RO          432    .ARM.Collect$$libshutdown$$0000000F  c_w.l(libshutdown2.o)
    0x08000166   0x08000166   0x00000002   Code   RO          433    .ARM.Collect$$libshutdown$$00000010  c_w.l(libshutdown2.o)
    0x08000168   0x08000168   0x00000000   Code   RO          296    .ARM.Collect$$rtentry$$00000000  c_w.l(__rtentry.o)
    0x08000168   0x08000168   0x00000000   Code   RO          307    .ARM.Collect$$rtentry$$00000002  c_w.l(__rtentry2.o)
    0x08000168   0x08000168   0x00000006   Code   RO          319    .ARM.Collect$$rtentry$$00000004  c_w.l(__rtentry4.o)
    0x0800016e   0x0800016e   0x00000000   Code   RO          309    .ARM.Collect$$rtentry$$00000009  c_w.l(__rtentry2.o)
    0x0800016e   0x0800016e   0x00000004   Code   RO          310    .ARM.Collect$$rtentry$$0000000A  c_w.l(__rtentry2.o)
    0x08000172   0x08000172   0x00000000   Code   RO          312    .ARM.Collect$$rtentry$$0000000C  c_w.l(__rtentry2.o)
    0x08000172   0x08000172   0x00000008   Code   RO          313    .ARM.Collect$$rtentry$$0000000D  c_w.l(__rtentry2.o)
    0x0800017a   0x0800017a   0x00000002   Code   RO          334    .ARM.Collect$$rtexit$$00000000  c_w.l(rtexit.o)
    0x0800017c   0x0800017c   0x00000000   Code   RO          384    .ARM.Collect$$rtexit$$00000002  c_w.l(rtexit2.o)
    0x0800017c   0x0800017c   0x00000004   Code   RO          385    .ARM.Collect$$rtexit$$00000003  c_w.l(rtexit2.o)
    0x08000180   0x08000180   0x00000006   Code   RO          386    .ARM.Collect$$rtexit$$00000004  c_w.l(rtexit2.o)
    0x08000186   0x08000186   0x00000002   PAD
    0x08000188   0x08000188   0x00000040   Code   RO          250  * .text               startup_stm32f10x_md.o
    0x080001c8   0x080001c8   0x00000006   Code   RO          272    .text               c_w.l(heapauxi.o)
    0x080001ce   0x080001ce   0x0000004a   Code   RO          321    .text               c_w.l(sys_stackheap_outer.o)
    0x08000218   0x08000218   0x00000012   Code   RO          323    .text               c_w.l(exit.o)
    0x0800022a   0x0800022a   0x00000002   PAD
    0x0800022c   0x0800022c   0x00000008   Code   RO          331    .text               c_w.l(libspace.o)
    0x08000234   0x08000234   0x0000000c   Code   RO          394    .text               c_w.l(sys_exit.o)
    0x08000240   0x08000240   0x00000002   Code   RO          409    .text               c_w.l(use_no_semi.o)
    0x08000242   0x08000242   0x00000000   Code   RO          411    .text               c_w.l(indicate_semi.o)
    0x08000242   0x08000242   0x00000002   PAD
    0x08000244   0x08000244   0x000000d6   Code   RO           14    .text.AHT20_GetValue  main.o
    0x0800031a   0x0800031a   0x00000002   PAD
    0x0800031c   0x0800031c   0x000002ce   Code   RO           63    .text.GPIO_Init     gpio.o
    0x080005ea   0x080005ea   0x00000002   PAD
    0x080005ec   0x080005ec   0x00000076   Code   RO           71    .text.GPIO_PullUpDown  gpio.o
    0x08000662   0x08000662   0x00000002   PAD
    0x08000664   0x08000664   0x00000040   Code   RO           67    .text.GPIO_Reset    gpio.o
    0x080006a4   0x080006a4   0x0000003e   Code   RO           65    .text.GPIO_Set      gpio.o
    0x080006e2   0x080006e2   0x00000002   PAD
    0x080006e4   0x080006e4   0x0000009a   Code   RO          208    .text.I2C_init      i2c_drive.o
    0x0800077e   0x0800077e   0x00000002   PAD
    0x08000780   0x08000780   0x00000200   Code   RO          222    .text.I2C_read      i2c_drive.o
    0x08000980   0x08000980   0x000000f0   Code   RO          224    .text.I2C_read1     i2c_drive.o
    0x08000a70   0x08000a70   0x000002b4   Code   RO          218    .text.I2C_write     i2c_drive.o
    0x08000d24   0x08000d24   0x000000dc   Code   RO          175    .text.MAX7219_Init  max7219.o
    0x08000e00   0x08000e00   0x00000076   Code   RO          101    .text.SPI_IO_Init   spi.o
    0x08000e76   0x08000e76   0x00000002   PAD
    0x08000e78   0x08000e78   0x000000bc   Code   RO           99    .text.SPI_Init      spi.o
    0x08000f34   0x08000f34   0x00000168   Code   RO          105    .text.SPI_Transmit  spi.o
    0x0800109c   0x0800109c   0x0000014a   Code   RO          257    .text.SystemInit    system_stm32f10x.o
    0x080011e6   0x080011e6   0x00000002   PAD
    0x080011e8   0x080011e8   0x00000094   Code   RO            2    .text.TIM1_UP_IRQHandler  main.o
    0x0800127c   0x0800127c   0x00000084   Code   RO          115    .text.TIM_EnableTimerClock  timer.o
    0x08001300   0x08001300   0x0000001a   Code   RO          151    .text.TIM_EncoderStart  timer.o
    0x0800131a   0x0800131a   0x00000002   PAD
    0x0800131c   0x0800131c   0x000000c8   Code   RO          149    .text.TIM_Encoder_Init  timer.o
    0x080013e4   0x080013e4   0x00000190   Code   RO          129    .text.TIM_PWM_Init  timer.o
    0x08001574   0x08001574   0x0000003a   Code   RO          141    .text.TIM_PWM_Start  timer.o
    0x080015ae   0x080015ae   0x00000002   PAD
    0x080015b0   0x080015b0   0x00000028   Code   RO          147    .text.TIM_SetCCRxReg  timer.o
    0x080015d8   0x080015d8   0x00000162   Code   RO           51    .text.delay_ms      delay.o
    0x0800173a   0x0800173a   0x00000002   PAD
    0x0800173c   0x0800173c   0x0000006e   Code   RO          192    .text.init_GP       gp_drive.o
    0x080017aa   0x080017aa   0x00000002   PAD
    0x080017ac   0x080017ac   0x0000010c   Code   RO           18    .text.main          main.o
    0x080018b8   0x080018b8   0x00000062   Code   RO          276    x$fpl$d2f           fz_ws.l(d2f.o)
    0x0800191a   0x0800191a   0x00000002   PAD
    0x0800191c   0x0800191c   0x00000150   Code   RO          278    x$fpl$dadd          fz_ws.l(daddsub_clz.o)
    0x08001a6c   0x08001a6c   0x00000026   Code   RO          284    x$fpl$dfltu         fz_ws.l(dflt_clz.o)
    0x08001a92   0x08001a92   0x00000002   PAD
    0x08001a94   0x08001a94   0x00000154   Code   RO          290    x$fpl$dmul          fz_ws.l(dmul.o)
    0x08001be8   0x08001be8   0x0000009c   Code   RO          297    x$fpl$dnaninf       fz_ws.l(dnaninf.o)
    0x08001c84   0x08001c84   0x0000000c   Code   RO          299    x$fpl$dretinf       fz_ws.l(dretinf.o)
    0x08001c90   0x08001c90   0x000001dc   Code   RO          280    x$fpl$dsub          fz_ws.l(daddsub_clz.o)
    0x08001e6c   0x08001e6c   0x00000036   Code   RO          292    x$fpl$ffix          fz_ws.l(ffix.o)
    0x08001ea2   0x08001ea2   0x0000008c   Code   RO          301    x$fpl$fnaninf       fz_ws.l(fnaninf.o)
    0x08001f2e   0x08001f2e   0x0000000a   Code   RO          303    x$fpl$fretinf       fz_ws.l(fretinf.o)
    0x08001f38   0x08001f38   0x00000000   Code   RO          305    x$fpl$usenofp       fz_ws.l(usenofp.o)
    0x08001f38   0x08001f38   0x00000008   Data   RO          154    .rodata.cst8        timer.o
    0x08001f40   0x08001f40   0x00000020   Data   RO          467    Region$$Table       anon$$obj.o


    Execution Region ER_RW (Exec base: 0x20000000, Load base: 0x08001f60, Size: 0x00000004, Max: 0xffffffff, ABSOLUTE)

    Exec Addr    Load Addr    Size         Type   Attr      Idx    E Section Name        Object

    0x20000000   0x08001f60   0x00000001   Data   RW           25    .data.rx_data       main.o


    Execution Region ER_ZI (Exec base: 0x20000008, Load base: 0x08001f64, Size: 0x00000688, Max: 0xffffffff, ABSOLUTE)

    Exec Addr    Load Addr    Size         Type   Attr      Idx    E Section Name        Object

    0x20000008        -       0x00000060   Zero   RW          332    .bss                c_w.l(libspace.o)
    0x20000068        -       0x00000002   Zero   RW           34    .bss.AHT20_Data     main.o
    0x2000006a   0x08001f64   0x00000002   PAD
    0x2000006c        -       0x00000004   Zero   RW          153    .bss.Timer_global   timer.o
    0x20000070        -       0x00000004   Zero   RW           33    .bss.actualHumidity  main.o
    0x20000074        -       0x00000004   Zero   RW           32    .bss.actualTemperature  main.o
    0x20000078        -       0x00000004   Zero   RW           30    .bss.counterVal     main.o
    0x2000007c        -       0x00000002   Zero   RW           23    .bss.currentFanRPM  main.o
    0x2000007e        -       0x00000006   Zero   RW           31    .bss.data           main.o
    0x20000084        -       0x00000002   Zero   RW           22    .bss.encoderPPS     main.o
    0x20000086        -       0x00000002   Zero   RW           24    .bss.ms_count       main.o
    0x20000088        -       0x00000002   Zero   RW           21    .bss.old_position   main.o
    0x2000008a        -       0x00000002   Zero   RW           20    .bss.position       main.o
    0x2000008c   0x08001f64   0x00000004   PAD
    0x20000090        -       0x00000200   Zero   RW          248    HEAP                startup_stm32f10x_md.o
    0x20000290        -       0x00000400   Zero   RW          247    STACK               startup_stm32f10x_md.o


==============================================================================

Image component sizes


      Code (inc. data)   RO Data    RW Data    ZI Data      Debug   Object Name

       354          0          0          0          0       2885   delay.o
       110          0          0          0          0       2872   gp_drive.o
       962          8          0          0          0       5555   gpio.o
      1598          0          0          0          0       6382   i2c_drive.o
       630          0          0          1         30       7246   main.o
       220          0          0          0          0       6358   max7219.o
       666          0          0          0          0       4695   spi.o
        64         26        236          0       1536        860   startup_stm32f10x_md.o
       330          0          0          0          0       2951   system_stm32f10x.o
       856         16          8          0          4       8686   timer.o

    ----------------------------------------------------------------------
      5812         50        276          4       1576      48490   Object Totals
         0          0         32          0          0          0   (incl. Generated)
        22          0          0          3          6          0   (incl. Padding)

    ----------------------------------------------------------------------

      Code (inc. data)   RO Data    RW Data    ZI Data      Debug   Library Member Name

         8          0          0          0          0         68   __main.o
         0          0          0          0          0          0   __rtentry.o
        12          0          0          0          0          0   __rtentry2.o
         6          0          0          0          0          0   __rtentry4.o
        52          8          0          0          0          0   __scatter.o
        26          0          0          0          0          0   __scatter_copy.o
        28          0          0          0          0          0   __scatter_zi.o
        18          0          0          0          0         80   exit.o
         6          0          0          0          0        152   heapauxi.o
         0          0          0          0          0          0   indicate_semi.o
         2          0          0          0          0          0   libinit.o
         2          0          0          0          0          0   libinit2.o
         2          0          0          0          0          0   libshutdown.o
         2          0          0          0          0          0   libshutdown2.o
         8          4          0          0         96         68   libspace.o
         2          0          0          0          0          0   rtexit.o
        10          0          0          0          0          0   rtexit2.o
        12          4          0          0          0         68   sys_exit.o
        74          0          0          0          0         80   sys_stackheap_outer.o
         2          0          0          0          0         68   use_no_semi.o
        98          4          0          0          0         92   d2f.o
       812         16          0          0          0        296   daddsub_clz.o
        38          0          0          0          0         68   dflt_clz.o
       340         12          0          0          0        104   dmul.o
       156          4          0          0          0         92   dnaninf.o
        12          0          0          0          0         68   dretinf.o
        54          4          0          0          0         84   ffix.o
       140          4          0          0          0         84   fnaninf.o
        10          0          0          0          0         68   fretinf.o
         0          0          0          0          0          0   usenofp.o

    ----------------------------------------------------------------------
      1944         60          0          0         96       1540   Library Totals
        12          0          0          0          0          0   (incl. Padding)

    ----------------------------------------------------------------------

      Code (inc. data)   RO Data    RW Data    ZI Data      Debug   Library Name

       272         16          0          0         96        584   c_w.l
      1660         44          0          0          0        956   fz_ws.l

    ----------------------------------------------------------------------
      1944         60          0          0         96       1540   Library Totals

    ----------------------------------------------------------------------

==============================================================================


      Code (inc. data)   RO Data    RW Data    ZI Data      Debug   

      7756        110        276          4       1672      49242   Grand Totals
      7756        110        276          4       1672      49242   ELF Image Totals
      7756        110        276          4          0          0   ROM Totals

==============================================================================

    Total RO  Size (Code + RO Data)                 8032 (   7.84kB)
    Total RW  Size (RW Data + ZI Data)              1676 (   1.64kB)
    Total ROM Size (Code + RO Data + RW Data)       8036 (   7.85kB)

==============================================================================

